 Container imperator-r21-r22-20261006-frontend-1 Stopping 
 Container imperator-r21-r22-20261006-frontend-1 Stopped 
 Container imperator-r21-r22-20261006-frontend-1 Removing 
 Container imperator-r21-r22-20261006-frontend-1 Removed 
 Container imperator-r21-r22-20261006-backend-1 Stopping 
 Container imperator-r21-r22-20261006-backend-1 Stopped 
 Container imperator-r21-r22-20261006-backend-1 Removing 
 Container imperator-r21-r22-20261006-backend-1 Removed 
 Container imperator-r21-r22-20261006-postgres-permissions-1 Stopping 
 Container imperator-r21-r22-20261006-postgres-permissions-1 Stopped 
 Container imperator-r21-r22-20261006-postgres-permissions-1 Removing 
 Container imperator-r21-r22-20261006-postgres-permissions-1 Removed 
 Container imperator-r21-r22-20261006-flyway-validate-1 Stopping 
 Container imperator-r21-r22-20261006-flyway-validate-1 Stopped 
 Container imperator-r21-r22-20261006-flyway-validate-1 Removing 
 Container imperator-r21-r22-20261006-flyway-validate-1 Removed 
 Container imperator-r21-r22-20261006-flyway-migrate-1 Stopping 
 Container imperator-r21-r22-20261006-flyway-migrate-1 Stopped 
 Container imperator-r21-r22-20261006-flyway-migrate-1 Removing 
 Container imperator-r21-r22-20261006-flyway-migrate-1 Removed 
 Container imperator-r21-r22-20261006-postgres-1 Stopping 
 Container imperator-r21-r22-20261006-postgres-1 Stopped 
 Container imperator-r21-r22-20261006-postgres-1 Removing 
 Container imperator-r21-r22-20261006-postgres-1 Removed 
 Network imperator-r21-r22-20261006_application-internal Removing 
 Volume imperator-r21-r22-20261006_postgres-data Removing 
 Network imperator-r21-r22-20261006_frontend-ingress Removing 
 Network imperator-r21-r22-20261006_data-internal Removing 
 Network imperator-r21-r22-20261006_provider-egress Removing 
 Volume imperator-r21-r22-20261006_postgres-data Removed 
 Network imperator-r21-r22-20261006_frontend-ingress Removed 
 Network imperator-r21-r22-20261006_application-internal Removed 
 Network imperator-r21-r22-20261006_data-internal Removed 
 Network imperator-r21-r22-20261006_provider-egress Removed 
Owned runtime, test volumes, private fixtures and stopped cluster removed; original volumes preserved.
