{
  "auditReportVersion": 2,
  "vulnerabilities": {
    "@next/eslint-plugin-next": {
      "name": "@next/eslint-plugin-next",
      "severity": "high",
      "isDirect": false,
      "via": [
        "fast-glob"
      ],
      "effects": [
        "eslint-config-next"
      ],
      "range": ">=14.3.0-canary.0",
      "nodes": [
        "node_modules/@next/eslint-plugin-next"
      ],
      "fixAvailable": {
        "name": "eslint-config-next",
        "version": "14.2.35",
        "isSemVerMajor": true
      }
    },
    "braces": {
      "name": "braces",
      "severity": "high",
      "isDirect": false,
      "via": [
        {
          "source": 1240992,
          "name": "braces",
          "dependency": "braces",
          "title": "braces vulnerable to stack-exhaustion denial of service through deeply nested patterns",
          "url": "https://github.com/advisories/GHSA-vfj7-8cjw-p6xm",
          "severity": "high",
          "cwe": [
            "CWE-674"
          ],
          "cvss": {
            "score": 7.5,
            "vectorString": "CVSS:3.1/AV:N/AC:L/PR:N/UI:N/S:U/C:N/I:N/A:H"
          },
          "range": "<=3.0.3"
        }
      ],
      "effects": [
        "micromatch"
      ],
      "range": "*",
      "nodes": [
        "node_modules/braces"
      ],
      "fixAvailable": {
        "name": "eslint-config-next",
        "version": "14.2.35",
        "isSemVerMajor": true
      }
    },
    "eslint-config-next": {
      "name": "eslint-config-next",
      "severity": "high",
      "isDirect": true,
      "via": [
        "@next/eslint-plugin-next"
      ],
      "effects": [],
      "range": ">=14.3.0-canary.0",
      "nodes": [
        "node_modules/eslint-config-next"
      ],
      "fixAvailable": {
        "name": "eslint-config-next",
        "version": "14.2.35",
        "isSemVerMajor": true
      }
    },
    "fast-glob": {
      "name": "fast-glob",
      "severity": "high",
      "isDirect": false,
      "via": [
        "micromatch"
      ],
      "effects": [
        "@next/eslint-plugin-next"
      ],
      "range": "*",
      "nodes": [
        "node_modules/fast-glob"
      ],
      "fixAvailable": {
        "name": "eslint-config-next",
        "version": "14.2.35",
        "isSemVerMajor": true
      }
    },
    "micromatch": {
      "name": "micromatch",
      "severity": "high",
      "isDirect": false,
      "via": [
        "braces"
      ],
      "effects": [
        "fast-glob"
      ],
      "range": ">=0.2.0",
      "nodes": [
        "node_modules/micromatch"
      ],
      "fixAvailable": {
        "name": "eslint-config-next",
        "version": "14.2.35",
        "isSemVerMajor": true
      }
    },
    "sharp": {
      "name": "sharp",
      "severity": "high",
      "isDirect": false,
      "via": [
        {
          "source": 1241331,
          "name": "sharp",
          "dependency": "sharp",
          "title": "sharp : Vulnerability in librsvg dependency CVE-2026-96889",
          "url": "https://github.com/advisories/GHSA-wq5f-xc86-pv6w",
          "severity": "high",
          "cwe": [
            "CWE-416",
            "CWE-1395"
          ],
          "cvss": {
            "score": 0,
            "vectorString": null
          },
          "range": "<0.35.5"
        }
      ],
      "effects": [],
      "range": "<0.35.5",
      "nodes": [
        "node_modules/sharp"
      ],
      "fixAvailable": true
    },
    "source-map-js": {
      "name": "source-map-js",
      "severity": "high",
      "isDirect": false,
      "via": [
        {
          "source": 1241209,
          "name": "source-map-js",
          "dependency": "source-map-js",
          "title": "source-map-js allows event-loop denial of service through indexed source-map section offsets",
          "url": "https://github.com/advisories/GHSA-68fv-2mgg-jv7q",
          "severity": "high",
          "cwe": [
            "CWE-1284"
          ],
          "cvss": {
            "score": 7.5,
            "vectorString": "CVSS:3.1/AV:N/AC:L/PR:N/UI:N/S:U/C:N/I:N/A:H"
          },
          "range": ">=1.0.0 <1.2.2"
        }
      ],
      "effects": [],
      "range": "1.0.0 - 1.2.1",
      "nodes": [
        "node_modules/source-map-js"
      ],
      "fixAvailable": true
    }
  },
  "metadata": {
    "vulnerabilities": {
      "info": 0,
      "low": 0,
      "moderate": 0,
      "high": 7,
      "critical": 0,
      "total": 7
    },
    "dependencies": {
      "prod": 23,
      "dev": 518,
      "optional": 121,
      "peer": 8,
      "peerOptional": 0,
      "total": 578
    }
  }
}
npm notice
npm notice New major version of npm available! 11.17.0 -> 12.2.0
npm notice Changelog: https://github.com/npm/cli/releases/tag/v12.2.0
npm notice To update run: npm install -g npm@12.2.0
npm notice
