 Image imperator/backend:tfg-a-cbc6535ee56bfa99 Building 
 Image imperator/frontend:tfg-a-cbc6535ee56bfa99 Building 
 Image imperator/postgres:tfg-a-cbc6535ee56bfa99 Building 
#1 [internal] load local bake definitions
#1 reading from stdin 2.50kB 0.0s done
#1 DONE 0.0s

#2 [frontend internal] load build definition from Dockerfile
#2 transferring dockerfile: 3.04kB done
#2 DONE 0.1s

#3 [backend internal] load build definition from Dockerfile
#3 transferring dockerfile: 2.59kB done
#3 DONE 0.1s

#4 [postgres internal] load build definition from Dockerfile
#4 transferring dockerfile: 3.98kB done
#4 DONE 0.1s

#5 [frontend] resolve image config for docker-image://docker.io/docker/dockerfile:1.7@sha256:a57df69d0ea827fb7266491f2813635de6f17269be881f696fbfdf2d83dda33e
#5 DONE 0.9s

#6 [backend] docker-image://docker.io/docker/dockerfile:1.7@sha256:a57df69d0ea827fb7266491f2813635de6f17269be881f696fbfdf2d83dda33e
#6 resolve docker.io/docker/dockerfile:1.7@sha256:a57df69d0ea827fb7266491f2813635de6f17269be881f696fbfdf2d83dda33e 0.1s done
#6 CACHED

#7 [postgres internal] load metadata for docker.io/library/golang:1.26.6-bookworm@sha256:433f9dc4f8ea3a1ce4e28f9f15d0f7c056b10475307f886d6f1ac1ccc4abd976
#7 ...

#8 [postgres internal] load metadata for docker.io/library/postgres:18.6-bookworm@sha256:1c59e2c3c818eaa0f0628f695b36e7c9e362d6b219b36a54a32df645cbd7e1af
#8 DONE 0.7s

#9 [backend internal] load metadata for docker.io/library/eclipse-temurin:21-jdk-jammy@sha256:6adefddd4a20bceef702cedb0b03952fcd7691f9c7ccffe27014992abc0b46bd
#9 DONE 0.7s

#10 [backend internal] load metadata for docker.io/library/eclipse-temurin:21-jre-jammy@sha256:e9aaf73145bbd1f9f6ec7f6867dd75a44f34b1a6c32a813504bf4129be2d09d7
#10 DONE 0.7s

#7 [postgres internal] load metadata for docker.io/library/golang:1.26.6-bookworm@sha256:433f9dc4f8ea3a1ce4e28f9f15d0f7c056b10475307f886d6f1ac1ccc4abd976
#7 DONE 0.8s

#11 [frontend internal] load metadata for docker.io/library/node:24.20.0-bookworm-slim@sha256:ba849c60be29959425b8734d57b8b4b7d56f98edd9504c9af091d5281095a71e
#11 ...

#12 [backend internal] load build context
#12 DONE 0.0s

#13 [backend runtime 2/9] ADD --checksum=sha256:d1b4636e32ac6d3b95d583ac05ac548b1aa248414bae1c51b14f54be0f8fd7bc     https://security.ubuntu.com/ubuntu/pool/main/o/openssl/libssl3_3.0.2-0ubuntu1.30_amd64.deb     /tmp/libssl3.deb
#13 DONE 0.0s

#14 [backend runtime 3/9] ADD --checksum=sha256:a5b9484a287aba47096fa9ea9821c5c98cf95b8dd726786e7c3a3311fb8eb3b4     https://security.ubuntu.com/ubuntu/pool/main/o/openssl/openssl_3.0.2-0ubuntu1.30_amd64.deb     /tmp/openssl.deb
#14 DONE 0.0s

#15 [postgres internal] load build context
#15 DONE 0.0s

#16 [postgres stage-1  5/10] ADD --checksum=sha256:ed8480b621ad574c25aea30d36194d0133ea74093756ecbe3dff157d0510ef7f     https://security.debian.org/debian-security/pool/updates/main/p/perl/libperl5.36_5.36.0-7+deb12u4_amd64.deb     /tmp/imperator-libperl5.36.deb
#16 DONE 0.0s

#17 [postgres stage-1  3/10] ADD --checksum=sha256:d7d1943aec9597629bf73075efcc5ef6dc9bda96d78e80d843156ecd448478b8     https://security.debian.org/debian-security/pool/updates/main/p/perl/perl-base_5.36.0-7+deb12u4_amd64.deb     /tmp/imperator-perl-base.deb
#17 DONE 0.0s

#18 [postgres stage-1  2/10] ADD --checksum=sha256:d2f7edfcc7689b9e0761c2742cc824ac86a20768bc5e8057818dc6875291fe76     https://security.debian.org/debian-security/pool/updates/main/p/pcre2/libpcre2-8-0_10.42-1+deb12u2_amd64.deb     /tmp/libpcre2-8-0.deb
#18 DONE 0.0s

#19 [postgres stage-1  4/10] ADD --checksum=sha256:67e7a883c5d835939638f89a750799282df243ac1446281aa92ef9e19300940b     https://security.debian.org/debian-security/pool/updates/main/p/perl/perl_5.36.0-7+deb12u4_amd64.deb     /tmp/imperator-perl.deb
#19 DONE 0.0s

#20 [postgres stage-1  6/10] ADD --checksum=sha256:3ed38ffa8320e9bf7597cefa01b6a6ace4a08ccc77cdfd15ef7d8b711dea7166     https://security.debian.org/debian-security/pool/updates/main/p/perl/perl-modules-5.36_5.36.0-7+deb12u4_all.deb     /tmp/imperator-perl-modules-5.36.deb
#20 DONE 0.0s

#21 [postgres gosu-build 3/4] ADD --checksum=sha256:33d7537d588ea49458b9509bcf4554bdf5ceacc66da71e5caa1058ea3b689c3b     https://github.com/tianon/gosu/archive/6456aaa0f3c854d199d0f037f068eb97515b7513.tar.gz     /tmp/gosu-source.tar.gz
#21 DONE 0.0s

#11 [frontend internal] load metadata for docker.io/library/node:24.20.0-bookworm-slim@sha256:ba849c60be29959425b8734d57b8b4b7d56f98edd9504c9af091d5281095a71e
#11 DONE 0.9s

#22 [postgres gosu-build 1/4] FROM docker.io/library/golang:1.26.6-bookworm@sha256:433f9dc4f8ea3a1ce4e28f9f15d0f7c056b10475307f886d6f1ac1ccc4abd976
#22 resolve docker.io/library/golang:1.26.6-bookworm@sha256:433f9dc4f8ea3a1ce4e28f9f15d0f7c056b10475307f886d6f1ac1ccc4abd976 0.1s done
#22 DONE 0.2s

#23 [backend build 1/7] FROM docker.io/library/eclipse-temurin:21-jdk-jammy@sha256:6adefddd4a20bceef702cedb0b03952fcd7691f9c7ccffe27014992abc0b46bd
#23 resolve docker.io/library/eclipse-temurin:21-jdk-jammy@sha256:6adefddd4a20bceef702cedb0b03952fcd7691f9c7ccffe27014992abc0b46bd 0.2s done
#23 DONE 0.2s

#24 [backend runtime 1/9] FROM docker.io/library/eclipse-temurin:21-jre-jammy@sha256:e9aaf73145bbd1f9f6ec7f6867dd75a44f34b1a6c32a813504bf4129be2d09d7
#24 resolve docker.io/library/eclipse-temurin:21-jre-jammy@sha256:e9aaf73145bbd1f9f6ec7f6867dd75a44f34b1a6c32a813504bf4129be2d09d7 0.2s done
#24 DONE 0.3s

#25 [backend runtime 2/9] ADD --checksum=sha256:d1b4636e32ac6d3b95d583ac05ac548b1aa248414bae1c51b14f54be0f8fd7bc     https://security.ubuntu.com/ubuntu/pool/main/o/openssl/libssl3_3.0.2-0ubuntu1.30_amd64.deb     /tmp/libssl3.deb
#25 CACHED

#26 [backend runtime 3/9] ADD --checksum=sha256:a5b9484a287aba47096fa9ea9821c5c98cf95b8dd726786e7c3a3311fb8eb3b4     https://security.ubuntu.com/ubuntu/pool/main/o/openssl/openssl_3.0.2-0ubuntu1.30_amd64.deb     /tmp/openssl.deb
#26 CACHED

#27 [backend runtime 4/9] RUN dpkg --install /tmp/libssl3.deb /tmp/openssl.deb     && rm -f /tmp/libssl3.deb /tmp/openssl.deb /var/log/dpkg.log
#27 CACHED

#28 [frontend internal] load build context
#28 DONE 0.0s

#29 [postgres stage-1  1/10] FROM docker.io/library/postgres:18.6-bookworm@sha256:1c59e2c3c818eaa0f0628f695b36e7c9e362d6b219b36a54a32df645cbd7e1af
#29 resolve docker.io/library/postgres:18.6-bookworm@sha256:1c59e2c3c818eaa0f0628f695b36e7c9e362d6b219b36a54a32df645cbd7e1af 0.2s done
#29 CACHED

#15 [postgres internal] load build context
#15 transferring context: 43B done
#15 DONE 0.1s

#12 [backend internal] load build context
#12 transferring context: 22.55kB 0.0s done
#12 DONE 0.2s

#30 [backend build 6/7] COPY backend-java/ backend-java/
#30 CACHED

#31 [backend build 2/7] WORKDIR /workspace
#31 CACHED

#32 [backend build 4/7] COPY .mvn/ .mvn/
#32 CACHED

#33 [backend build 3/7] RUN apt-get update     && apt-get install --yes --no-install-recommends unzip     && rm -rf /var/lib/apt/lists/*
#33 CACHED

#34 [backend build 5/7] COPY mvnw pom.xml ./
#34 CACHED

#35 [backend build 7/7] RUN sed -i 's/\r$//' mvnw     && chmod 0755 mvnw     && ./mvnw --batch-mode --no-transfer-progress -DskipTests package     && test -f target/imperator-backend-0.1.0.jar
#35 CACHED

#17 [postgres stage-1  3/10] ADD --checksum=sha256:d7d1943aec9597629bf73075efcc5ef6dc9bda96d78e80d843156ecd448478b8     https://security.debian.org/debian-security/pool/updates/main/p/perl/perl-base_5.36.0-7+deb12u4_amd64.deb     /tmp/imperator-perl-base.deb
#17 ...

#36 [frontend dependencies 1/4] FROM docker.io/library/node:24.20.0-bookworm-slim@sha256:ba849c60be29959425b8734d57b8b4b7d56f98edd9504c9af091d5281095a71e
#36 resolve docker.io/library/node:24.20.0-bookworm-slim@sha256:ba849c60be29959425b8734d57b8b4b7d56f98edd9504c9af091d5281095a71e 0.4s done
#36 DONE 0.5s

#18 [postgres stage-1  2/10] ADD --checksum=sha256:d2f7edfcc7689b9e0761c2742cc824ac86a20768bc5e8057818dc6875291fe76     https://security.debian.org/debian-security/pool/updates/main/p/pcre2/libpcre2-8-0_10.42-1+deb12u2_amd64.deb     /tmp/libpcre2-8-0.deb
#18 ...

#17 [postgres stage-1  3/10] ADD --checksum=sha256:d7d1943aec9597629bf73075efcc5ef6dc9bda96d78e80d843156ecd448478b8     https://security.debian.org/debian-security/pool/updates/main/p/perl/perl-base_5.36.0-7+deb12u4_amd64.deb     /tmp/imperator-perl-base.deb
#17 DONE 0.7s

#20 [postgres stage-1  6/10] ADD --checksum=sha256:3ed38ffa8320e9bf7597cefa01b6a6ace4a08ccc77cdfd15ef7d8b711dea7166     https://security.debian.org/debian-security/pool/updates/main/p/perl/perl-modules-5.36_5.36.0-7+deb12u4_all.deb     /tmp/imperator-perl-modules-5.36.deb
#20 DONE 0.9s

#16 [postgres stage-1  5/10] ADD --checksum=sha256:ed8480b621ad574c25aea30d36194d0133ea74093756ecbe3dff157d0510ef7f     https://security.debian.org/debian-security/pool/updates/main/p/perl/libperl5.36_5.36.0-7+deb12u4_amd64.deb     /tmp/imperator-libperl5.36.deb
#16 DONE 1.0s

#28 [frontend internal] load build context
#28 ...

#18 [frontend stage-1  2/10] ADD --checksum=sha256:d2f7edfcc7689b9e0761c2742cc824ac86a20768bc5e8057818dc6875291fe76     https://security.debian.org/debian-security/pool/updates/main/p/pcre2/libpcre2-8-0_10.42-1+deb12u2_amd64.deb     /tmp/libpcre2-8-0.deb
#18 DONE 1.0s

#36 [frontend dependencies 1/4] FROM docker.io/library/node:24.20.0-bookworm-slim@sha256:ba849c60be29959425b8734d57b8b4b7d56f98edd9504c9af091d5281095a71e
#36 CACHED

#19 [postgres stage-1  4/10] ADD --checksum=sha256:67e7a883c5d835939638f89a750799282df243ac1446281aa92ef9e19300940b     https://security.debian.org/debian-security/pool/updates/main/p/perl/perl_5.36.0-7+deb12u4_amd64.deb     /tmp/imperator-perl.deb
#19 DONE 1.1s

#37 [backend runtime 5/9] RUN groupadd --gid 10001 imperator     && useradd --uid 10001 --gid 10001 --home-dir /opt/imperator        --no-create-home --shell /usr/sbin/nologin imperator     && mkdir -p /opt/imperator     && chown 10001:10001 /opt/imperator
#37 DONE 1.1s

#28 [frontend internal] load build context
#28 transferring context: 316.39kB 0.0s done
#28 DONE 0.3s

#38 [backend runtime 6/9] WORKDIR /opt/imperator
#38 ...

#39 [postgres gosu-build 2/4] WORKDIR /build/gosu
#39 CACHED

#40 [postgres gosu-build 3/4] ADD --checksum=sha256:33d7537d588ea49458b9509bcf4554bdf5ceacc66da71e5caa1058ea3b689c3b     https://github.com/tianon/gosu/archive/6456aaa0f3c854d199d0f037f068eb97515b7513.tar.gz     /tmp/gosu-source.tar.gz
#40 CACHED

#41 [postgres gosu-build 4/4] RUN tar --extract         --gzip         --file /tmp/gosu-source.tar.gz         --strip-components 1     && rm /tmp/gosu-source.tar.gz     && test -f LICENSE     && CGO_ENABLED=0 GOOS=linux GOARCH=amd64        go build          -trimpath          -buildvcs=false          -ldflags='-s -w -buildid='          -o /out/gosu          .     && /out/gosu --version     && /out/gosu nobody true
#41 CACHED

#42 [frontend dependencies 2/4] WORKDIR /app
#42 CACHED

#43 [frontend runtime 2/7] ADD --checksum=sha256:d2f7edfcc7689b9e0761c2742cc824ac86a20768bc5e8057818dc6875291fe76     https://security.debian.org/debian-security/pool/updates/main/p/pcre2/libpcre2-8-0_10.42-1+deb12u2_amd64.deb     /tmp/libpcre2-8-0.deb
#43 ...

#44 [postgres stage-1  2/10] ADD --checksum=sha256:d2f7edfcc7689b9e0761c2742cc824ac86a20768bc5e8057818dc6875291fe76     https://security.debian.org/debian-security/pool/updates/main/p/pcre2/libpcre2-8-0_10.42-1+deb12u2_amd64.deb     /tmp/libpcre2-8-0.deb
#44 DONE 0.5s

#45 [frontend dependencies 3/4] COPY frontend/package.json frontend/package-lock.json ./
#45 DONE 0.5s

#43 [frontend runtime 2/7] ADD --checksum=sha256:d2f7edfcc7689b9e0761c2742cc824ac86a20768bc5e8057818dc6875291fe76     https://security.debian.org/debian-security/pool/updates/main/p/pcre2/libpcre2-8-0_10.42-1+deb12u2_amd64.deb     /tmp/libpcre2-8-0.deb
#43 DONE 0.5s

#46 [frontend runtime 3/7] ADD --checksum=sha256:d7d1943aec9597629bf73075efcc5ef6dc9bda96d78e80d843156ecd448478b8     https://security.debian.org/debian-security/pool/updates/main/p/perl/perl-base_5.36.0-7+deb12u4_amd64.deb     /tmp/imperator-perl-base.deb
#46 ...

#38 [backend runtime 6/9] WORKDIR /opt/imperator
#38 DONE 0.6s

#47 [backend runtime 7/9] COPY --from=build --chown=10001:10001     /workspace/target/imperator-backend-0.1.0.jar     /opt/imperator/imperator-backend.jar
#47 ...

#48 [postgres stage-1  3/10] ADD --checksum=sha256:d7d1943aec9597629bf73075efcc5ef6dc9bda96d78e80d843156ecd448478b8     https://security.debian.org/debian-security/pool/updates/main/p/perl/perl-base_5.36.0-7+deb12u4_amd64.deb     /tmp/imperator-perl-base.deb
#48 DONE 0.6s

#46 [frontend runtime 3/7] ADD --checksum=sha256:d7d1943aec9597629bf73075efcc5ef6dc9bda96d78e80d843156ecd448478b8     https://security.debian.org/debian-security/pool/updates/main/p/perl/perl-base_5.36.0-7+deb12u4_amd64.deb     /tmp/imperator-perl-base.deb
#46 DONE 0.6s

#49 [frontend runtime 4/7] RUN set -eu;     dpkg --install /tmp/libpcre2-8-0.deb /tmp/imperator-perl-base.deb;     rm -f /tmp/libpcre2-8-0.deb /tmp/imperator-perl-base.deb /var/log/dpkg.log;     rm -rf         /opt/yarn-v1.22.22         /usr/local/lib/node_modules/corepack         /usr/local/lib/node_modules/npm;     rm -f         /usr/local/bin/corepack         /usr/local/bin/npm         /usr/local/bin/npx         /usr/local/bin/pnpx         /usr/local/bin/yarn         /usr/local/bin/yarnpkg
#49 ...

#47 [backend runtime 7/9] COPY --from=build --chown=10001:10001     /workspace/target/imperator-backend-0.1.0.jar     /opt/imperator/imperator-backend.jar
#47 DONE 0.8s

#50 [backend runtime 8/9] COPY --chown=10001:10001 infra/docker/backend/entrypoint.sh     /opt/imperator/entrypoint.sh
#50 ...

#51 [postgres stage-1  4/10] ADD --checksum=sha256:67e7a883c5d835939638f89a750799282df243ac1446281aa92ef9e19300940b     https://security.debian.org/debian-security/pool/updates/main/p/perl/perl_5.36.0-7+deb12u4_amd64.deb     /tmp/imperator-perl.deb
#51 DONE 0.5s

#52 [postgres stage-1  5/10] ADD --checksum=sha256:ed8480b621ad574c25aea30d36194d0133ea74093756ecbe3dff157d0510ef7f     https://security.debian.org/debian-security/pool/updates/main/p/perl/libperl5.36_5.36.0-7+deb12u4_amd64.deb     /tmp/imperator-libperl5.36.deb
#52 ...

#50 [backend runtime 8/9] COPY --chown=10001:10001 infra/docker/backend/entrypoint.sh     /opt/imperator/entrypoint.sh
#50 DONE 0.5s

#52 [postgres stage-1  5/10] ADD --checksum=sha256:ed8480b621ad574c25aea30d36194d0133ea74093756ecbe3dff157d0510ef7f     https://security.debian.org/debian-security/pool/updates/main/p/perl/libperl5.36_5.36.0-7+deb12u4_amd64.deb     /tmp/imperator-libperl5.36.deb
#52 DONE 0.3s

#49 [frontend runtime 4/7] RUN set -eu;     dpkg --install /tmp/libpcre2-8-0.deb /tmp/imperator-perl-base.deb;     rm -f /tmp/libpcre2-8-0.deb /tmp/imperator-perl-base.deb /var/log/dpkg.log;     rm -rf         /opt/yarn-v1.22.22         /usr/local/lib/node_modules/corepack         /usr/local/lib/node_modules/npm;     rm -f         /usr/local/bin/corepack         /usr/local/bin/npm         /usr/local/bin/npx         /usr/local/bin/pnpx         /usr/local/bin/yarn         /usr/local/bin/yarnpkg
#49 0.888 (Reading database ... 6096 files and directories currently installed.)
#49 0.889 Preparing to unpack /tmp/libpcre2-8-0.deb ...
#49 1.022 Unpacking libpcre2-8-0:amd64 (10.42-1+deb12u2) over (10.42-1) ...
#49 ...

#53 [postgres stage-1  6/10] ADD --checksum=sha256:3ed38ffa8320e9bf7597cefa01b6a6ace4a08ccc77cdfd15ef7d8b711dea7166     https://security.debian.org/debian-security/pool/updates/main/p/perl/perl-modules-5.36_5.36.0-7+deb12u4_all.deb     /tmp/imperator-perl-modules-5.36.deb
#53 DONE 0.4s

#49 [frontend runtime 4/7] RUN set -eu;     dpkg --install /tmp/libpcre2-8-0.deb /tmp/imperator-perl-base.deb;     rm -f /tmp/libpcre2-8-0.deb /tmp/imperator-perl-base.deb /var/log/dpkg.log;     rm -rf         /opt/yarn-v1.22.22         /usr/local/lib/node_modules/corepack         /usr/local/lib/node_modules/npm;     rm -f         /usr/local/bin/corepack         /usr/local/bin/npm         /usr/local/bin/npx         /usr/local/bin/pnpx         /usr/local/bin/yarn         /usr/local/bin/yarnpkg
#49 1.405 Preparing to unpack /tmp/imperator-perl-base.deb ...
#49 1.544 Unpacking perl-base (5.36.0-7+deb12u4) over (5.36.0-7+deb12u3) ...
#49 ...

#54 [backend runtime 9/9] RUN chmod 0555 /opt/imperator/entrypoint.sh
#54 DONE 0.7s

#55 [postgres stage-1  7/10] COPY --from=gosu-build /out/gosu /usr/local/bin/gosu
#55 DONE 0.3s

#56 [backend] exporting to image
#56 exporting layers
#56 ...

#57 [postgres stage-1  8/10] COPY --from=gosu-build /build/gosu/LICENSE /usr/local/share/licenses/gosu/LICENSE
#57 DONE 0.8s

#58 [postgres stage-1  9/10] COPY --chown=999:999 provision-app-role.sh /opt/imperator/provision-app-role.sh
#58 DONE 1.2s

#59 [frontend dependencies 4/4] RUN npm ci
#59 ...

#56 [backend] exporting to image
#56 exporting layers 2.8s done
#56 exporting manifest sha256:35793caf489ab2b56806d6d533ccfebe2e5144f38defced0d88f9b85bf138275 0.1s done
#56 exporting config sha256:bae6c993682a2692cc3f1e19e2ebd7111b4d25869c8a5f90b973b94a7d73a33c
#56 exporting config sha256:bae6c993682a2692cc3f1e19e2ebd7111b4d25869c8a5f90b973b94a7d73a33c 0.2s done
#56 exporting attestation manifest sha256:78c275b058bd50b18301ada4f7fe6537db7fe7c9c341ae6c4ccd876bf8824df4
#56 exporting attestation manifest sha256:78c275b058bd50b18301ada4f7fe6537db7fe7c9c341ae6c4ccd876bf8824df4 0.2s done
#56 exporting manifest list sha256:681e6e7b77b73170c959ed04697302f6a21d8db98edb3a2b0f3354a44387096d
#56 exporting manifest list sha256:681e6e7b77b73170c959ed04697302f6a21d8db98edb3a2b0f3354a44387096d 0.2s done
#56 naming to docker.io/imperator/backend:tfg-a-cbc6535ee56bfa99
#56 naming to docker.io/imperator/backend:tfg-a-cbc6535ee56bfa99 0.0s done
#56 unpacking to docker.io/imperator/backend:tfg-a-cbc6535ee56bfa99
#56 unpacking to docker.io/imperator/backend:tfg-a-cbc6535ee56bfa99 0.8s done
#56 DONE 4.4s

#60 [postgres stage-1 10/10] RUN dpkg --install /tmp/libpcre2-8-0.deb /tmp/imperator-perl-base.deb /tmp/imperator-perl.deb /tmp/imperator-libperl5.36.deb /tmp/imperator-perl-modules-5.36.deb     && rm -f         /tmp/libpcre2-8-0.deb         /tmp/imperator-perl-base.deb /tmp/imperator-perl.deb /tmp/imperator-libperl5.36.deb /tmp/imperator-perl-modules-5.36.deb         /var/cache/ldconfig/aux-cache         /var/log/dpkg.log     && chmod 0755 /usr/local/bin/gosu     && chmod 0555 /opt/imperator/provision-app-role.sh     && chmod 0444 /usr/local/share/licenses/gosu/LICENSE     && gosu --version     && gosu nobody true     && postgres --version
#60 1.167 (Reading database ... 12163 files and directories currently installed.)
#60 1.168 Preparing to unpack /tmp/libpcre2-8-0.deb ...
#60 1.421 Unpacking libpcre2-8-0:amd64 (10.42-1+deb12u2) over (10.42-1) ...
#60 1.890 Preparing to unpack /tmp/imperator-perl-base.deb ...
#60 2.051 Unpacking perl-base (5.36.0-7+deb12u4) over (5.36.0-7+deb12u3) ...
#60 ...

#61 [backend] resolving provenance for metadata file
#61 DONE 0.0s

#49 [frontend runtime 4/7] RUN set -eu;     dpkg --install /tmp/libpcre2-8-0.deb /tmp/imperator-perl-base.deb;     rm -f /tmp/libpcre2-8-0.deb /tmp/imperator-perl-base.deb /var/log/dpkg.log;     rm -rf         /opt/yarn-v1.22.22         /usr/local/lib/node_modules/corepack         /usr/local/lib/node_modules/npm;     rm -f         /usr/local/bin/corepack         /usr/local/bin/npm         /usr/local/bin/npx         /usr/local/bin/pnpx         /usr/local/bin/yarn         /usr/local/bin/yarnpkg
#49 15.88 Setting up libpcre2-8-0:amd64 (10.42-1+deb12u2) ...
#49 15.99 Setting up perl-base (5.36.0-7+deb12u4) ...
#49 16.09 Processing triggers for libc-bin (2.36-9+deb12u14) ...
#49 DONE 18.0s

#59 [frontend dependencies 4/4] RUN npm ci
#59 ...

#62 [frontend runtime 5/7] WORKDIR /app
#62 DONE 0.4s

#59 [frontend dependencies 4/4] RUN npm ci
#59 ...

#60 [postgres stage-1 10/10] RUN dpkg --install /tmp/libpcre2-8-0.deb /tmp/imperator-perl-base.deb /tmp/imperator-perl.deb /tmp/imperator-libperl5.36.deb /tmp/imperator-perl-modules-5.36.deb     && rm -f         /tmp/libpcre2-8-0.deb         /tmp/imperator-perl-base.deb /tmp/imperator-perl.deb /tmp/imperator-libperl5.36.deb /tmp/imperator-perl-modules-5.36.deb         /var/cache/ldconfig/aux-cache         /var/log/dpkg.log     && chmod 0755 /usr/local/bin/gosu     && chmod 0555 /opt/imperator/provision-app-role.sh     && chmod 0444 /usr/local/share/licenses/gosu/LICENSE     && gosu --version     && gosu nobody true     && postgres --version
#60 15.11 Preparing to unpack /tmp/imperator-perl.deb ...
#60 15.16 Unpacking perl (5.36.0-7+deb12u4) over (5.36.0-7+deb12u3) ...
#60 15.57 Preparing to unpack /tmp/imperator-libperl5.36.deb ...
#60 15.61 Unpacking libperl5.36:amd64 (5.36.0-7+deb12u4) over (5.36.0-7+deb12u3) ...
#60 20.26 Preparing to unpack .../imperator-perl-modules-5.36.deb ...
#60 ...

#59 [frontend dependencies 4/4] RUN npm ci
#59 24.12 
#59 24.12 added 468 packages, and audited 469 packages in 23s
#59 24.12 
#59 24.12 172 packages are looking for funding
#59 24.12   run `npm fund` for details
#59 24.15 
#59 24.15 5 high severity vulnerabilities
#59 24.15 
#59 24.15 To address all issues (including breaking changes), run:
#59 24.15   npm audit fix --force
#59 24.15 
#59 24.15 Run `npm audit` for details.
#59 24.15 npm warn install-scripts 1 package has install scripts not yet covered by allowScripts:
#59 24.15 npm warn install-scripts   unrs-resolver@1.12.2 (postinstall: node postinstall.js)
#59 24.15 npm warn install-scripts
#59 24.15 npm warn install-scripts Run `npm install-scripts ls` to review, or `npm install-scripts approve <pkg>` to allow.
#59 24.15 npm notice
#59 24.15 npm notice New major version of npm available! 11.19.0 -> 12.2.0
#59 24.15 npm notice Changelog: https://github.com/npm/cli/releases/tag/v12.2.0
#59 24.15 npm notice To update run: npm install -g npm@12.2.0
#59 24.15 npm notice
#59 DONE 24.6s

#60 [postgres stage-1 10/10] RUN dpkg --install /tmp/libpcre2-8-0.deb /tmp/imperator-perl-base.deb /tmp/imperator-perl.deb /tmp/imperator-libperl5.36.deb /tmp/imperator-perl-modules-5.36.deb     && rm -f         /tmp/libpcre2-8-0.deb         /tmp/imperator-perl-base.deb /tmp/imperator-perl.deb /tmp/imperator-libperl5.36.deb /tmp/imperator-perl-modules-5.36.deb         /var/cache/ldconfig/aux-cache         /var/log/dpkg.log     && chmod 0755 /usr/local/bin/gosu     && chmod 0555 /opt/imperator/provision-app-role.sh     && chmod 0444 /usr/local/share/licenses/gosu/LICENSE     && gosu --version     && gosu nobody true     && postgres --version
#60 20.37 Unpacking perl-modules-5.36 (5.36.0-7+deb12u4) over (5.36.0-7+deb12u3) ...
#60 ...

#63 [frontend build 3/5] COPY --from=dependencies /app/node_modules ./node_modules
#63 DONE 5.7s

#60 [postgres stage-1 10/10] RUN dpkg --install /tmp/libpcre2-8-0.deb /tmp/imperator-perl-base.deb /tmp/imperator-perl.deb /tmp/imperator-libperl5.36.deb /tmp/imperator-perl-modules-5.36.deb     && rm -f         /tmp/libpcre2-8-0.deb         /tmp/imperator-perl-base.deb /tmp/imperator-perl.deb /tmp/imperator-libperl5.36.deb /tmp/imperator-perl-modules-5.36.deb         /var/cache/ldconfig/aux-cache         /var/log/dpkg.log     && chmod 0755 /usr/local/bin/gosu     && chmod 0555 /opt/imperator/provision-app-role.sh     && chmod 0444 /usr/local/share/licenses/gosu/LICENSE     && gosu --version     && gosu nobody true     && postgres --version
#60 ...

#64 [frontend build 4/5] COPY frontend/ ./
#64 DONE 0.6s

#60 [postgres stage-1 10/10] RUN dpkg --install /tmp/libpcre2-8-0.deb /tmp/imperator-perl-base.deb /tmp/imperator-perl.deb /tmp/imperator-libperl5.36.deb /tmp/imperator-perl-modules-5.36.deb     && rm -f         /tmp/libpcre2-8-0.deb         /tmp/imperator-perl-base.deb /tmp/imperator-perl.deb /tmp/imperator-libperl5.36.deb /tmp/imperator-perl-modules-5.36.deb         /var/cache/ldconfig/aux-cache         /var/log/dpkg.log     && chmod 0755 /usr/local/bin/gosu     && chmod 0555 /opt/imperator/provision-app-role.sh     && chmod 0444 /usr/local/share/licenses/gosu/LICENSE     && gosu --version     && gosu nobody true     && postgres --version
#60 ...

#65 [frontend build 5/5] RUN npm run build
#65 0.890 
#65 0.890 > imperator-decision-review-workspace@0.1.0 prebuild
#65 0.890 > next telemetry disable
#65 0.890 
#65 1.055 Next.js' telemetry collection is already disabled.
#65 1.055 
#65 1.055 Status: Disabled
#65 1.055 
#65 1.055 You have opted-out of Next.js' anonymous telemetry program.
#65 1.055 No data will be collected from your machine.
#65 1.055 
#65 1.055 Learn more: https://nextjs.org/telemetry
#65 1.062 
#65 1.062 > imperator-decision-review-workspace@0.1.0 build
#65 1.062 > next build
#65 1.062 
#65 1.369 ▲ Next.js 16.3.6 (Turbopack)
#65 1.402 ✓ Running next.config.ts took 32ms
#65 1.413 
#65 1.434   Creating an optimized production build ...
#65 4.785 ✓ Compiled successfully in 3.2s
#65 4.789   Running TypeScript ...
#65 ...

#60 [postgres stage-1 10/10] RUN dpkg --install /tmp/libpcre2-8-0.deb /tmp/imperator-perl-base.deb /tmp/imperator-perl.deb /tmp/imperator-libperl5.36.deb /tmp/imperator-perl-modules-5.36.deb     && rm -f         /tmp/libpcre2-8-0.deb         /tmp/imperator-perl-base.deb /tmp/imperator-perl.deb /tmp/imperator-libperl5.36.deb /tmp/imperator-perl-modules-5.36.deb         /var/cache/ldconfig/aux-cache         /var/log/dpkg.log     && chmod 0755 /usr/local/bin/gosu     && chmod 0555 /opt/imperator/provision-app-role.sh     && chmod 0444 /usr/local/share/licenses/gosu/LICENSE     && gosu --version     && gosu nobody true     && postgres --version
#60 36.48 Setting up libpcre2-8-0:amd64 (10.42-1+deb12u2) ...
#60 36.55 Setting up perl-base (5.36.0-7+deb12u4) ...
#60 36.63 Setting up perl-modules-5.36 (5.36.0-7+deb12u4) ...
#60 36.70 Setting up libperl5.36:amd64 (5.36.0-7+deb12u4) ...
#60 36.78 Setting up perl (5.36.0-7+deb12u4) ...
#60 36.88 Processing triggers for libc-bin (2.36-9+deb12u14) ...
#60 37.11 1.19 (go1.26.6 on linux/amd64; gc)
#60 37.13 postgres (PostgreSQL) 18.6 (Debian 18.6-1.pgdg12+2)
#60 DONE 37.2s

#66 [postgres] exporting to image
#66 exporting layers
#66 ...

#65 [frontend build 5/5] RUN npm run build
#65 7.933   Finished TypeScript in 3.1s ...
#65 7.935   Collecting page data using 5 workers ...
#65 8.293   Generating static pages using 5 workers (0/3) ...
#65 8.710 ✓ Generating static pages using 5 workers (3/3) in 417ms
#65 8.714   Finalizing page optimization ...
#65 8.993 
#65 8.994 Route (app)
#65 8.994 ┌ ○ /
#65 8.994 ├ ○ /_not-found
#65 8.994 └ ƒ /decisions/[decisionId]
#65 8.994 
#65 8.994 
#65 8.995 ○  (Static)   prerendered as static content
#65 8.995 ƒ  (Dynamic)  server-rendered on demand
#65 8.995 
#65 9.040 npm notice
#65 9.040 npm notice New major version of npm available! 11.19.0 -> 12.2.0
#65 9.040 npm notice Changelog: https://github.com/npm/cli/releases/tag/v12.2.0
#65 9.040 npm notice To update run: npm install -g npm@12.2.0
#65 9.040 npm notice
#65 DONE 9.2s

#66 [postgres] exporting to image
#66 ...

#67 [frontend runtime 6/7] COPY --from=build --chown=node:node /app/.next/standalone ./
#67 DONE 2.4s

#68 [frontend runtime 7/7] COPY --from=build --chown=node:node /app/.next/static ./.next/static
#68 DONE 0.3s

#66 [postgres] exporting to image
#66 exporting layers 4.8s done
#66 exporting manifest sha256:c2c532db77cdef99e64c31f08359cd445267f7e50f08c9aef1c976e9cca6dd0c
#66 exporting manifest sha256:c2c532db77cdef99e64c31f08359cd445267f7e50f08c9aef1c976e9cca6dd0c 0.3s done
#66 exporting config sha256:42e661e3f5932273d36c1cf1ad4d407a738e861197e47cf489946ac9de4c3098
#66 exporting config sha256:42e661e3f5932273d36c1cf1ad4d407a738e861197e47cf489946ac9de4c3098 0.2s done
#66 exporting attestation manifest sha256:58a4171b47a1de3eb6ba775e368cf8c9bcb75b0f048aa96d9944e586977594a1
#66 exporting attestation manifest sha256:58a4171b47a1de3eb6ba775e368cf8c9bcb75b0f048aa96d9944e586977594a1 0.2s done
#66 exporting manifest list sha256:2b73847d07d6cb7da2ace20426de036fa0278feca0bb6520aca62588e9b3f101
#66 exporting manifest list sha256:2b73847d07d6cb7da2ace20426de036fa0278feca0bb6520aca62588e9b3f101 0.2s done
#66 naming to docker.io/imperator/postgres:tfg-a-cbc6535ee56bfa99 0.1s done
#66 unpacking to docker.io/imperator/postgres:tfg-a-cbc6535ee56bfa99
#66 ...

#69 [frontend] exporting to image
#69 exporting layers 2.1s done
#69 exporting manifest sha256:de33fcc4e5d99bcec121ae7f4d88dc742d0f2e9ac81839f3fd8dca0d259beaea 0.1s done
#69 exporting config sha256:133dec49d525b150fa6ab117bd2dacfd494aa776e917e8ab03f45f115568b320 0.2s done
#69 exporting attestation manifest sha256:e135aea99cd989e8c37e065f92d68aecd18be1b0bebb015566ac352d5e5902aa 0.1s done
#69 exporting manifest list sha256:5cd649ff9a460b2abdc8315da2e7568c5a2c2138d99815db89c5c583f88c18b1 0.2s done
#69 naming to docker.io/imperator/frontend:tfg-a-cbc6535ee56bfa99 0.0s done
#69 unpacking to docker.io/imperator/frontend:tfg-a-cbc6535ee56bfa99 1.3s done
#69 DONE 4.3s

#66 [postgres] exporting to image
#66 unpacking to docker.io/imperator/postgres:tfg-a-cbc6535ee56bfa99 2.0s done
#66 DONE 8.2s

#70 [frontend] resolving provenance for metadata file
#70 DONE 0.3s

#71 [postgres] resolving provenance for metadata file
#71 DONE 0.0s
 Image imperator/backend:tfg-a-cbc6535ee56bfa99 Built 
 Image imperator/frontend:tfg-a-cbc6535ee56bfa99 Built 
 Image imperator/postgres:tfg-a-cbc6535ee56bfa99 Built 
