 Container imperator-r21-r22-20261006-postgres-1 Recreate 
 Container imperator-r21-r22-20261006-backend-1 Recreate 
 Container imperator-r21-r22-20261006-postgres-1 Recreated 
 Container imperator-r21-r22-20261006-backend-1 Recreated 
 Container imperator-r21-r22-20261006-frontend-1 Recreate 
 Container imperator-r21-r22-20261006-frontend-1 Recreated 
 Container imperator-r21-r22-20261006-postgres-1 Starting 
 Container imperator-r21-r22-20261006-postgres-1 Started 
 Container imperator-r21-r22-20261006-postgres-1 Waiting 
 Container imperator-r21-r22-20261006-postgres-1 Healthy 
 Container imperator-r21-r22-20261006-flyway-migrate-1 Starting 
 Container imperator-r21-r22-20261006-flyway-migrate-1 Started 
 Container imperator-r21-r22-20261006-flyway-migrate-1 Waiting 
 Container imperator-r21-r22-20261006-flyway-migrate-1 Exited 
 Container imperator-r21-r22-20261006-flyway-validate-1 Starting 
 Container imperator-r21-r22-20261006-flyway-validate-1 Started 
 Container imperator-r21-r22-20261006-flyway-validate-1 Waiting 
 Container imperator-r21-r22-20261006-flyway-validate-1 Exited 
 Container imperator-r21-r22-20261006-postgres-permissions-1 Starting 
 Container imperator-r21-r22-20261006-postgres-permissions-1 Started 
 Container imperator-r21-r22-20261006-postgres-permissions-1 Waiting 
 Container imperator-r21-r22-20261006-postgres-permissions-1 Exited 
 Container imperator-r21-r22-20261006-backend-1 Starting 
 Container imperator-r21-r22-20261006-backend-1 Started 
 Container imperator-r21-r22-20261006-backend-1 Waiting 
 Container imperator-r21-r22-20261006-backend-1 Healthy 
 Container imperator-r21-r22-20261006-frontend-1 Starting 
 Container imperator-r21-r22-20261006-frontend-1 Started 
 Container imperator-r21-r22-20261006-postgres-1 Waiting 
 Container imperator-r21-r22-20261006-flyway-migrate-1 Waiting 
 Container imperator-r21-r22-20261006-flyway-validate-1 Waiting 
 Container imperator-r21-r22-20261006-postgres-permissions-1 Waiting 
 Container imperator-r21-r22-20261006-backend-1 Waiting 
 Container imperator-r21-r22-20261006-frontend-1 Waiting 
 Container imperator-r21-r22-20261006-flyway-migrate-1 Exited 
 Container imperator-r21-r22-20261006-flyway-validate-1 Exited 
 Container imperator-r21-r22-20261006-postgres-permissions-1 Exited 
 Container imperator-r21-r22-20261006-postgres-1 Healthy 
 Container imperator-r21-r22-20261006-backend-1 Healthy 
 Container imperator-r21-r22-20261006-frontend-1 Healthy 
