Images space usage:

REPOSITORY                        TAG                      IMAGE ID       CREATED        SIZE      SHARED SIZE   UNIQUE SIZE   CONTAINERS
imperator/frontend                tfg-a-cbc6535ee56bfa99   5cd649ff9a46   2 hours ago    401MB     331.3MB       69.51MB       0
imperator/postgres                tfg-a-cbc6535ee56bfa99   2b73847d07d6   2 hours ago    722MB     625.3MB       96.25MB       0
imperator/backend                 tfg-a-cbc6535ee56bfa99   681e6e7b77b7   2 hours ago    506MB     421.7MB       84.51MB       0
imperator/r22-postgres-proposal   20261006                 b5e6d6806c66   3 hours ago    723MB     628MB         95.35MB       0
imperator/r22-frontend-proposal   20261006                 5b97e49ae7cf   3 hours ago    402MB     385.6MB       16.82MB       0
imperator/frontend                tfg-a-1c0ed64469ec6b54   2103d939daee   4 hours ago    386MB     385.6MB       16.41kB       0
imperator/backend                 tfg-a-1c0ed64469ec6b54   7ea89cd7bd31   4 hours ago    506MB     421.7MB       84.51MB       0
imperator/postgres                tfg-a-1c0ed64469ec6b54   7ce6e7f2b9de   4 hours ago    628MB     628MB         21.05kB       0
imperator/frontend                tfg-a-948a205ca268ae54   f0d25cf40b38   4 hours ago    386MB     329.9MB       55.64MB       0
imperator/backend                 tfg-a-948a205ca268ae54   bdaf52271f32   4 hours ago    506MB     421.7MB       84.51MB       0
imperator/postgres                tfg-a-948a205ca268ae54   7711ad60129a   4 hours ago    628MB     626.6MB       1.423MB       0
imperator/frontend                tfg-a-5939e4576beb47a7   ebba0bc1c7dc   4 days ago     386MB     329.9MB       55.64MB       0
imperator/backend                 tfg-a-5939e4576beb47a7   b2c6534593f0   4 days ago     506MB     421.7MB       84.51MB       0
imperator/postgres                tfg-a-5939e4576beb47a7   0a33fd46bbff   4 days ago     628MB     626.6MB       1.423MB       0
imperator/frontend                tfg-a-e4e8680b2feedee8   22aa1712c86b   5 days ago     386MB     329.9MB       55.64MB       0
imperator/postgres                tfg-a-e4e8680b2feedee8   04156f7222d2   5 days ago     628MB     626.6MB       1.423MB       0
imperator/backend                 tfg-a-e4e8680b2feedee8   ea9853e4490f   5 days ago     488MB     403.3MB       84.49MB       0
imperator/postgres                r22-d094-20261006        fb37d301142a   7 days ago     722MB     721.5MB       23.15kB       0
<none>                            <none>                   e0e65766c352   7 days ago     722MB     721.5MB       23.15kB       0
<none>                            <none>                   e9aaf73145bb   10 days ago    407MB     403.3MB       3.898MB       0
<none>                            <none>                   ba849c60be29   5 weeks ago    332MB     329.4MB       2.611MB       0
postgres                          18.6-bookworm            1c59e2c3c818   6 weeks ago    630MB     623.4MB       6.223MB       0
aquasec/trivy                     0.74.0                   62b1e65e8869   7 weeks ago    254MB     2B            254MB         0
moby/buildkit                     buildx-stable-1          28a898719c18   2 months ago   355MB     2B            354.7MB       0
<none>                            <none>                   db6195c21e90   2 months ago   1.04GB    0B            1.043GB       0

Containers space usage:

CONTAINER ID   IMAGE     COMMAND   LOCAL VOLUMES   SIZE      CREATED   STATUS    NAMES

Local Volumes space usage:

VOLUME NAME                                                        LINKS     SIZE
25b252e5eedc6927c9996f9875c45a81f283d01576a2b3e8b2c5440e25bf17b6   0         0B
5806de03956f1bd6793233a0ab54559457ba2a3cf94e36714819b5c08706c371   0         0B
595a4dc14ea2777f9cd517d49ec4c5181057108b95d3831c849070bc469e12bb   0         0B
59a8f1a16b732f849ee043ae91907f8acadd88c6624dc5fc445aa5b7fb39b20a   0         0B
79c411f77e43bd4b67cb834965ba3d8a69c7d055a6f476f1160c9151f321367e   0         0B
b727219bbededc8d71ac73fa5a6d0f3513238cb0485e13105c01fa3100373b85   0         0B
imperator_postgres-data                                            0         65.74MB
imperator_prometheus-data                                          0         3.05MB
30310d9c766c0a7ba7d54865038f1089110c13d64ea762e945efee3301717d9b   0         0B
ff8593932ab037c115cdd2ef87b7092082d4a3499e7dcb4f20a085d4a48d0a5c   0         0B

Build cache usage: 23.32GB

CACHE ID       CACHE TYPE     SIZE      CREATED       LAST USED     USAGE     SHARED
vlo73k8iydzb   regular        16.1MB    4 weeks ago   4 weeks ago   1         false
8yza4wsa8pa9   regular        29.7MB    4 weeks ago   4 weeks ago   1         false
t9uukdsc539s   regular        85.8MB    4 weeks ago   4 weeks ago   1         false
ruzc1k1txdpx   regular        53.1MB    4 weeks ago   4 weeks ago   1         false
pu65irkdmlwq   regular        467MB     4 weeks ago   4 weeks ago   1         false
uwfsil50osas   regular        159B      4 weeks ago   4 weeks ago   1         false
o1zjuktjvjuf   regular        12.4kB    4 weeks ago   4 weeks ago   1         false
puy1qk7mshfz   regular        2.28kB    4 weeks ago   4 weeks ago   1         false
hyyl98ozc13j   regular        132kB     4 weeks ago   4 weeks ago   1         false
z6550ns3121m   regular        14.6kB    4 weeks ago   4 weeks ago   1         false
wfrv32ojruxg   regular        8.19kB    4 weeks ago   4 weeks ago   1         false
o8cq3xet5y7y   regular        41kB      4 weeks ago   4 weeks ago   1         false
v47j4ghxx34m   regular        69.1MB    4 weeks ago   4 weeks ago   1         false
ca6lxy84sizi   regular        4.13kB    4 weeks ago   4 weeks ago   1         false
i68u0hpzajxm   regular        1.95MB    4 weeks ago   4 weeks ago   1         false
kvkdr85pr9ta   regular        20.5kB    4 weeks ago   4 weeks ago   1         false
oiwlu5w3pt5i   regular        28.2MB    4 weeks ago   4 weeks ago   1         false
uv09q1ee2ij9   regular        3.31kB    4 weeks ago   4 weeks ago   1         false
92yyc244yv7n   regular        50.3MB    4 weeks ago   4 weeks ago   1         false
ulxjs5vd6yz9   regular        1.71MB    4 weeks ago   4 weeks ago   1         false
1ttonxkdva4n   regular        448B      4 weeks ago   4 weeks ago   1         false
r311hkwnumsy   regular        8.19kB    4 weeks ago   4 weeks ago   1         false
zpuhsp8pplpl   regular        643MB     4 weeks ago   4 weeks ago   1         false
0037077innzh   regular        8.29kB    4 weeks ago   4 weeks ago   1         false
odcmpt2i65dd   regular        53.6kB    4 weeks ago   4 weeks ago   1         false
smust127htz4   regular        181MB     4 weeks ago   4 weeks ago   1         false
s4hdkg3uyn21   regular        28.2MB    4 weeks ago   4 weeks ago   1         true
eln0m3g0zrir   regular        76.3MB    4 weeks ago   4 weeks ago   1         false
0f7vemey30dg   regular        1.17kB    4 weeks ago   4 weeks ago   1         true
n5in28ua46p9   regular        4.53MB    4 weeks ago   4 weeks ago   1         true
j9p16nt1wwoy   regular        258MB     4 weeks ago   4 weeks ago   1         false
jugvv4yk9rxv   regular        360MB     4 weeks ago   4 weeks ago   1         false
1ycypcnflxev   regular        1.25MB    4 weeks ago   4 weeks ago   1         true
nf7ld2352uc4   regular        8.07MB    4 weeks ago   4 weeks ago   1         true
d3uvn09w3i44   regular        349MB     4 weeks ago   4 weeks ago   1         false
vaasz0xsder2   regular        16.5kB    4 weeks ago   4 weeks ago   1         false
txhozp9fkfxj   regular        1.2MB     4 weeks ago   4 weeks ago   1         true
v97qy4ju598q   regular        116B      4 weeks ago   4 weeks ago   1         true
wty9kposfn7a   regular        3.14kB    4 weeks ago   4 weeks ago   1         true
pllnldmhyuha   regular        114MB     4 weeks ago   4 weeks ago   1         true
l3j7ux8c94lz   regular        19.3kB    4 weeks ago   4 weeks ago   1         true
t4hc3sb7qjt4   regular        128B      4 weeks ago   4 weeks ago   1         true
sfu0emdimnfu   regular        6.11kB    4 weeks ago   4 weeks ago   1         true
mipmcns2cagc   regular        8.29kB    4 weeks ago   4 weeks ago   1         false
q5xnfpuribuh   regular        53.6kB    4 weeks ago   4 weeks ago   1         false
prjd2gefoz6r   regular        2.63MB    4 weeks ago   4 weeks ago   1         false
7egqs14ak4nu   regular        4.13kB    4 weeks ago   4 weeks ago   1         false
8f7l93i7u6s9   regular        185B      4 weeks ago   4 weeks ago   1         true
qb44j60m9rpj   regular        12.3kB    4 weeks ago   4 weeks ago   1         false
pb14q81cbupr   regular        69.1MB    4 weeks ago   4 weeks ago   1         false
qsr5x061bm1g   regular        132kB     4 weeks ago   4 weeks ago   1         false
c9pw9t769c0h   regular        4.13kB    4 weeks ago   4 weeks ago   1         false
ix8jqs8ebhia   regular        132kB     3 weeks ago   3 weeks ago   1         false
nz2uk5wwugbh   regular        77.7MB    3 weeks ago   3 weeks ago   1         false
p1nh0ukarctn   regular        8.29kB    3 weeks ago   3 weeks ago   1         false
l3k8w4j7pqnv   regular        53.6kB    3 weeks ago   3 weeks ago   1         false
kx7ie4eyx5gm   regular        645MB     3 weeks ago   3 weeks ago   1         false
tlooex7ghhqs   regular        77.7MB    3 weeks ago   3 weeks ago   1         false
viyw5iddnkv2   regular        77.7MB    3 weeks ago   3 weeks ago   1         false
cf52u3d0dq7b   regular        77.7MB    3 weeks ago   3 weeks ago   1         false
op1nkcms9egq   regular        41kB      3 weeks ago   3 weeks ago   5         false
57wezouvbivw   regular        77.7MB    3 weeks ago   3 weeks ago   1         false
3ghe51jzbal2   regular        4.13kB    3 weeks ago   3 weeks ago   5         false
t5wn5aaz4kjy   regular        29.8MB    3 weeks ago   3 weeks ago   1         false
qbjfz4743bj2   regular        16.9MB    3 weeks ago   3 weeks ago   1         false
axinqdyg6e02   regular        53.1MB    3 weeks ago   3 weeks ago   1         false
h26n6da3w2ty   regular        159B      3 weeks ago   3 weeks ago   1         false
syudqfuz4blo   regular        2.46kB    3 weeks ago   3 weeks ago   1         false
d3fmsiu6m2tz   regular        96B       3 weeks ago   3 weeks ago   1         false
yirte9qbxicw   regular        4.13kB    3 weeks ago   3 weeks ago   1         false
6800mccb7qpz   regular        41kB      3 weeks ago   3 weeks ago   1         false
wl2e69v98129   regular        132kB     3 weeks ago   3 weeks ago   1         false
9nn1vp37jgm3   regular        77.6MB    3 weeks ago   3 weeks ago   1         false
lo484e2f6p8q   regular        647MB     3 weeks ago   3 weeks ago   1         false
qg8lv9jq4csu   regular        53.6kB    3 weeks ago   3 weeks ago   1         false
xsxhxt7mkl0n   regular        8.29kB    3 weeks ago   3 weeks ago   1         false
jwt3pjfk8rln   regular        2.63MB    3 weeks ago   3 weeks ago   1         false
xx2c8plu1ogw   regular        2.63MB    3 weeks ago   3 weeks ago   1         false
njbyewe3xp2e   regular        29.7MB    3 weeks ago   3 weeks ago   1         false
i3zndcf7yf2a   regular        16.1MB    3 weeks ago   3 weeks ago   1         false
kx1phaxcmmw0   regular        20.7MB    3 weeks ago   3 weeks ago   1         false
w0unfzadc7uq   regular        53.1MB    3 weeks ago   3 weeks ago   1         false
lb80vlzn3p71   regular        158MB     3 weeks ago   3 weeks ago   1         false
0fmubjsvz34b   regular        159B      3 weeks ago   3 weeks ago   1         false
3ycj3hgkmcd3   regular        158B      3 weeks ago   3 weeks ago   1         false
b6uq4axkxfdu   regular        77.6MB    3 weeks ago   3 weeks ago   1         false
5yvlw72n5ma5   regular        2.46kB    3 weeks ago   3 weeks ago   1         false
iuzvq26ckc8e   regular        2.46kB    3 weeks ago   3 weeks ago   1         false
jqvni61grear   regular        4.13kB    3 weeks ago   3 weeks ago   1         false
yh1r24l1puxo   regular        41kB      3 weeks ago   3 weeks ago   1         false
vwd4v3hwwq6g   regular        1.95MB    3 weeks ago   3 weeks ago   1         false
i0g7rajvuq1m   regular        132kB     3 weeks ago   3 weeks ago   1         false
83owbbro3t86   regular        20.5kB    3 weeks ago   3 weeks ago   1         false
jqj2oseawg1v   regular        8.19kB    3 weeks ago   3 weeks ago   1         false
xuehtu1eu6ij   regular        3.32kB    3 weeks ago   3 weeks ago   1         false
kraqy8p7nqrj   regular        50.5MB    3 weeks ago   3 weeks ago   1         false
eh0af5vx72ku   regular        1.71MB    3 weeks ago   3 weeks ago   1         false
0gln2gsitu5y   regular        8.19kB    3 weeks ago   3 weeks ago   1         false
msib4531j7hx   regular        647MB     3 weeks ago   3 weeks ago   1         false
s73754en6u4f   regular        450B      3 weeks ago   3 weeks ago   1         false
tk3feh4xbuts   regular        53.6kB    3 weeks ago   3 weeks ago   1         false
7jdzfo1jqgi3   regular        8.29kB    3 weeks ago   3 weeks ago   1         false
us8l3sy53zx0   regular        1.27MB    3 weeks ago   3 weeks ago   1         false
x2pivznne1dg   regular        648MB     3 weeks ago   3 weeks ago   1         false
lnrasva2qb1k   regular        102MB     3 weeks ago   3 weeks ago   1         false
i5ptvppddty1   regular        53MB      3 weeks ago   3 weeks ago   1         false
ckaf3kdk5hpw   regular        1.41MB    3 weeks ago   3 weeks ago   1         false
zmtgqsy08cyu   regular        532kB     3 weeks ago   3 weeks ago   1         false
plkdvau8ha6c   regular        797MB     3 weeks ago   3 weeks ago   1         false
9t9nc639xiz7   regular        664kB     3 weeks ago   3 weeks ago   1         false
nhe53qkplsfj   regular        8.28kB    3 weeks ago   3 weeks ago   1         false
34v9l5iwejkx   regular        336kB     3 weeks ago   3 weeks ago   1         false
s6okaqqpja2i   regular        1.29MB    3 weeks ago   3 weeks ago   1         false
w1jqn10lr1zy   regular        664kB     3 weeks ago   3 weeks ago   1         false
oegkw30b4jcy   regular        336kB     3 weeks ago   3 weeks ago   1         false
nd5j6j5qh8lx   regular        53MB      3 weeks ago   3 weeks ago   1         false
x9m4vl5vmnmg   regular        797MB     3 weeks ago   3 weeks ago   1         false
14d5iy7kvdfl   regular        532kB     3 weeks ago   3 weeks ago   1         false
nkdljhhsyjka   regular        1.41MB    3 weeks ago   3 weeks ago   1         false
zaf6soo442n2   regular        8.28kB    3 weeks ago   3 weeks ago   1         false
ulk284329vz4   regular        102MB     3 weeks ago   3 weeks ago   1         false
b3l6joj70xqk   regular        648MB     3 weeks ago   3 weeks ago   1         false
ujb4r2xzi3ij   regular        2.63MB    3 weeks ago   3 weeks ago   1         false
wahn2yznuy6g   regular        28.7kB    3 weeks ago   3 weeks ago   1         false
kkc4uh6v3m84   regular        58.4MB    3 weeks ago   3 weeks ago   1         false
bbc6nvaars4u   regular        532kB     3 weeks ago   3 weeks ago   1         false
4ojqs95diivz   regular        49.2kB    3 weeks ago   3 weeks ago   1         false
ikrrnc9bvtn3   regular        3.27MB    3 weeks ago   3 weeks ago   1         false
mrv9ynp3hauj   regular        532kB     3 weeks ago   3 weeks ago   1         false
xodm1a47aitc   regular        49.2kB    3 weeks ago   3 weeks ago   1         false
vto6ezs5t7wz   regular        58.4MB    3 weeks ago   3 weeks ago   1         false
uvzdilo5zucm   regular        28.7kB    3 weeks ago   3 weeks ago   1         false
qebri0fqfhz2   regular        3.27MB    3 weeks ago   3 weeks ago   1         false
jxzixjbn9z92   regular        2.63MB    3 weeks ago   3 weeks ago   1         false
j6hpxyb8xnnl   regular        2.63MB    3 weeks ago   3 weeks ago   1         false
a6982xh255bu   regular        49.2kB    3 weeks ago   3 weeks ago   1         false
rr3jmrp5nzbb   regular        28.7kB    3 weeks ago   3 weeks ago   1         false
h8bzu9ecrr08   regular        3.27MB    3 weeks ago   3 weeks ago   1         false
1co7myc18kop   regular        532kB     3 weeks ago   3 weeks ago   1         false
qbkk6h2m97od   regular        58.4MB    3 weeks ago   3 weeks ago   1         false
s64r4uu9q9dt   regular        58.4MB    3 weeks ago   3 weeks ago   1         false
wuo59g9rufgz   regular        3.26MB    3 weeks ago   3 weeks ago   1         false
jh8szvja88sj   regular        2.63MB    3 weeks ago   3 weeks ago   1         false
7shbz57lsbdd   regular        49.2kB    3 weeks ago   3 weeks ago   1         false
x0dd0djsqzsf   regular        28.7kB    3 weeks ago   3 weeks ago   1         false
nvso85wa2q29   regular        532kB     3 weeks ago   3 weeks ago   1         false
3qzda2u61gf1   regular        3.26MB    3 weeks ago   3 weeks ago   1         false
a4xktd3skvtz   regular        28.7kB    3 weeks ago   3 weeks ago   1         false
7qf3hgomlsif   regular        2.63MB    3 weeks ago   3 weeks ago   1         false
frkbfonw2yv3   regular        49.2kB    3 weeks ago   3 weeks ago   1         false
hsslemmeri1o   regular        532kB     3 weeks ago   3 weeks ago   1         false
nm6hbvdh28dh   regular        1.54MB    3 weeks ago   3 weeks ago   1         false
8p4zl0qfu1cd   regular        41kB      3 weeks ago   3 weeks ago   1         false
epfry0d5s29t   regular        69.1MB    3 weeks ago   3 weeks ago   1         false
ud1eu4cbl45w   regular        25.1kB    3 weeks ago   3 weeks ago   1         false
vwsudyqzf0bd   regular        132kB     3 weeks ago   3 weeks ago   1         false
ri7g8g2szdvt   regular        4.13kB    3 weeks ago   3 weeks ago   1         false
odrkua0ltu74   regular        21kB      3 weeks ago   3 weeks ago   1         false
j756b9wvf5ql   regular        132MB     3 weeks ago   3 weeks ago   1         false
mlpxmjmhrv6c   regular        1.6MB     3 weeks ago   3 weeks ago   2         false
1m6fv0ytu18u   regular        324kB     4 weeks ago   3 weeks ago   2         false
xfl1enbpi64z   regular        21kB      4 weeks ago   3 weeks ago   2         false
xkbj2td9j3q4   regular        324kB     3 weeks ago   3 weeks ago   2         false
i8k0y6gncyfu   regular        21kB      3 weeks ago   3 weeks ago   2         false
u3g1uvnom8vt   regular        1.6MB     3 weeks ago   3 weeks ago   2         false
47bijxnu3slo   regular        328kB     3 weeks ago   3 weeks ago   2         false
fio159ns2lvj   regular        21kB      3 weeks ago   3 weeks ago   2         false
ds4bl2mc40p8   regular        21kB      3 weeks ago   3 weeks ago   2         false
q4wez9p5nsnt   regular        49.2kB    3 weeks ago   3 weeks ago   2         false
vr3058w41toe   regular        21kB      4 weeks ago   3 weeks ago   2         false
f10kn4rj9w92   regular        24.5MB    4 weeks ago   3 weeks ago   2         false
wshoy9rkr827   regular        53MB      3 weeks ago   3 weeks ago   2         false
iw6ueysngdk9   regular        1.6MB     3 weeks ago   3 weeks ago   2         false
l426fgnyv6i3   regular        651kB     4 weeks ago   3 weeks ago   2         false
7wupla8u8acz   regular        49.2kB    3 weeks ago   3 weeks ago   2         false
n0ebr063z8ww   regular        1.54MB    4 weeks ago   3 weeks ago   2         false
whirnwots08b   regular        21kB      3 weeks ago   3 weeks ago   2         false
hrjjz7dcmml6   regular        28.7kB    3 weeks ago   3 weeks ago   2         false
dovbpmhu44yp   regular        328kB     3 weeks ago   3 weeks ago   2         false
nowlwsxh04q9   regular        647kB     4 weeks ago   3 weeks ago   2         false
l7vkhxp1l4md   regular        24.6MB    3 weeks ago   3 weeks ago   2         false
vssz2ffx438d   regular        21kB      3 weeks ago   3 weeks ago   2         false
sbwm0o18h63j   regular        24.5MB    4 weeks ago   3 weeks ago   2         false
ek94d7p41s4f   regular        318MB     3 weeks ago   3 weeks ago   3         false
rr35qpt30mk1   regular        53MB      3 weeks ago   3 weeks ago   2         false
u7y00sbr8ntr   regular        49.2kB    4 weeks ago   3 weeks ago   2         false
31777az9mvcx   regular        28.7kB    3 weeks ago   3 weeks ago   2         false
wf54l161th5u   regular        655kB     3 weeks ago   3 weeks ago   2         false
ywu04kuug1zy   regular        1.6MB     3 weeks ago   3 weeks ago   2         false
wd249q64mrvx   regular        651kB     3 weeks ago   3 weeks ago   2         false
poie7fkc1xkc   regular        28.7kB    4 weeks ago   3 weeks ago   2         false
ujr76q0j4ik5   regular        1.6MB     3 weeks ago   3 weeks ago   2         false
d3w1dsz7hl65   regular        1.6MB     3 weeks ago   3 weeks ago   2         false
8cqnrwz2zuwo   regular        655kB     3 weeks ago   3 weeks ago   2         false
neohyw1tx0ug   regular        1.6MB     3 weeks ago   3 weeks ago   2         false
zkhr5mj0xd5i   regular        21kB      3 weeks ago   3 weeks ago   2         false
k3oix62lpsmd   regular        21kB      3 weeks ago   3 weeks ago   2         false
9coyiezzqija   regular        1.54MB    4 weeks ago   3 weeks ago   2         false
mt2ojj9welsp   regular        532kB     3 weeks ago   3 weeks ago   1         false
n173j5ubqeae   regular        58.4MB    3 weeks ago   3 weeks ago   2         false
7zjxn2g2h8t3   regular        49.2kB    3 weeks ago   3 weeks ago   1         false
jz6kta8edv0d   regular        2.63MB    3 weeks ago   3 weeks ago   1         false
p63df3ud0wrp   regular        648MB     3 weeks ago   3 weeks ago   1         false
1bq10mdo6aqk   regular        664kB     3 weeks ago   3 weeks ago   1         false
tmx0yfoomtpg   regular        53MB      3 weeks ago   3 weeks ago   1         false
wp1o5hz6odny   regular        1.29MB    3 weeks ago   3 weeks ago   1         false
wj7g0xv5owi9   regular        8.19kB    3 weeks ago   3 weeks ago   1         false
grq5tpt96cj9   regular        797MB     3 weeks ago   3 weeks ago   1         false
r8l1kowazh1l   regular        532kB     3 weeks ago   3 weeks ago   1         false
l8or56al96ej   regular        8.28kB    3 weeks ago   3 weeks ago   1         false
kd0eufveh6kw   regular        336kB     3 weeks ago   3 weeks ago   1         false
d1ubxd4xpdvh   regular        4.13kB    3 weeks ago   3 weeks ago   1         false
rr4mjziadjum   regular        20.5kB    3 weeks ago   3 weeks ago   1         false
zno9h344er0s   regular        41kB      3 weeks ago   3 weeks ago   1         false
zdswgomtawwg   regular        8.19kB    3 weeks ago   3 weeks ago   1         false
qil9j3sd9qxn   regular        1.61MB    3 weeks ago   3 weeks ago   1         false
orcfxlarush2   regular        21kB      3 weeks ago   3 weeks ago   1         false
1jta64wqa1k3   regular        77.7MB    3 weeks ago   3 weeks ago   1         false
yvwltk8smpnv   regular        1.95MB    3 weeks ago   3 weeks ago   1         false
lluvy5gg7wq9   regular        142MB     3 weeks ago   3 weeks ago   1         false
z5w4gnunuxa2   regular        132kB     3 weeks ago   3 weeks ago   1         false
8zobdgm9zsw9   regular        28.7kB    3 weeks ago   3 weeks ago   1         false
oszgpkkox8x3   regular        58.4MB    3 weeks ago   3 weeks ago   1         false
43ks3iwky1hk   regular        3.26MB    3 weeks ago   3 weeks ago   1         false
cvrqcznqrzk6   regular        49.2kB    3 weeks ago   3 weeks ago   1         false
pzoqcv7bzkmk   regular        2.63MB    3 weeks ago   3 weeks ago   1         false
9mrdobfckzha   regular        532kB     3 weeks ago   3 weeks ago   1         false
59ym3ksxuatk   regular        49.2kB    3 weeks ago   3 weeks ago   1         true
jzhxhsn466p6   regular        28.7kB    3 weeks ago   3 weeks ago   1         false
zcunmyhklm8e   regular        532kB     3 weeks ago   3 weeks ago   1         true
bhdg9lplmx4i   regular        2.63MB    3 weeks ago   3 weeks ago   1         true
osoiexnldv2h   regular        3.26MB    3 weeks ago   3 weeks ago   1         false
z8pqm6kvm3w9   regular        25.1kB    3 weeks ago   3 weeks ago   3         false
6ta6sl7jg8vl   regular        1.41MB    3 weeks ago   3 weeks ago   3         false
sp2u5lrm2g40   regular        3.26MB    3 weeks ago   3 weeks ago   3         false
jvflfq98iloq   regular        53MB      2 weeks ago   2 weeks ago   1         false
38azvt7quq6n   regular        1.41MB    2 weeks ago   2 weeks ago   1         false
f2opxc6mo0c7   regular        1.29MB    2 weeks ago   2 weeks ago   1         false
lwotvoy5ckai   regular        664kB     2 weeks ago   2 weeks ago   1         false
cqmmymw6josl   regular        102MB     2 weeks ago   2 weeks ago   1         false
lj6qa4vyvay0   regular        21kB      2 weeks ago   2 weeks ago   1         false
ezdrl2q7kpi8   regular        132kB     2 weeks ago   2 weeks ago   1         false
at0lqi230la1   regular        1.61MB    2 weeks ago   2 weeks ago   1         false
q9oogebmt3xs   regular        142MB     2 weeks ago   2 weeks ago   1         false
bf4iyyebbz91   regular        4.13kB    2 weeks ago   2 weeks ago   1         false
4ncpyju3vzqw   regular        41kB      2 weeks ago   2 weeks ago   1         false
izhip46bhyza   regular        77.7MB    2 weeks ago   2 weeks ago   1         false
s2xtbrys9mxf   regular        25.1kB    2 weeks ago   2 weeks ago   2         false
losleqag9c93   regular        3.26MB    2 weeks ago   2 weeks ago   2         false
xbf3zqd3m8ji   regular        102MB     3 weeks ago   2 weeks ago   2         false
ikfqdzdf50gq   regular        1.41MB    2 weeks ago   2 weeks ago   1         false
vl0qr0qkm5j9   regular        53MB      2 weeks ago   2 weeks ago   1         false
e7ps6dvvrj49   regular        8.29kB    2 weeks ago   2 weeks ago   2         false
dk7rl7g2t1vp   regular        29.8MB    2 weeks ago   2 weeks ago   1         false
4mi5y5whxfqb   regular        11.4MB    2 weeks ago   2 weeks ago   1         false
u69sydld686z   regular        63.1MB    2 weeks ago   2 weeks ago   1         false
pvzzknnjsbyw   regular        32B       2 weeks ago   2 weeks ago   1         false
r6zhcmzfvdqb   regular        2.46kB    2 weeks ago   2 weeks ago   1         false
4u335f56z60f   regular        96B       2 weeks ago   2 weeks ago   1         false
5hmultqjq4ne   regular        324MB     2 weeks ago   2 weeks ago   1         false
mn2yw30l1hdz   regular        39.9kB    2 weeks ago   2 weeks ago   1         false
nk72owxztt28   regular        16.9kB    2 weeks ago   2 weeks ago   2         false
13oppmd9a7f5   regular        85.5kB    2 weeks ago   2 weeks ago   1         false
mso36l7xy7dh   regular        85.9MB    5 days ago    5 days ago    1         false
rruuztv0phc2   regular        117MB     5 days ago    5 days ago    1         true
ls4zaa7bqra8   regular        66.8MB    5 days ago    5 days ago    1         true
e9vmoa5cr3i5   regular        467MB     5 days ago    5 days ago    1         false
xfzp177mdozg   regular        219MB     5 days ago    5 days ago    1         true
z3ibeh1o4n98   regular        12.4kB    5 days ago    5 days ago    1         true
08g2ozb4e4mh   regular        12.4kB    5 days ago    5 days ago    1         false
f1330c3q4as3   regular        73kB      5 days ago    5 days ago    1         true
7684mnhglgra   regular        207MB     5 days ago    5 days ago    1         true
h83v0xsjm6ci   regular        9.04MB    5 days ago    5 days ago    1         true
xjx921hy94ae   regular        3.28MB    5 days ago    5 days ago    1         false
3d56olnq2vbu   regular        17.6kB    5 days ago    5 days ago    1         false
hg1riftpgegq   regular        824MB     5 days ago    5 days ago    1         true
un38qbivalyv   regular        1.27MB    5 days ago    5 days ago    1         false
jdij9rgyqbyj   regular        8.29kB    5 days ago    5 days ago    1         false
ytgpwsf2t7gu   regular        102MB     5 days ago    5 days ago    1         true
r5d0c3bwr80w   regular        266kB     3 weeks ago   5 days ago    11        false
vq7dt0xywabo   regular        8.19kB    5 days ago    5 days ago    1         true
vg5774vwb9zi   regular        668kB     5 days ago    5 days ago    1         true
pl1ir47elsa0   regular        53.1MB    5 days ago    5 days ago    1         false
o4vw7u5e9tcm   regular        328kB     5 days ago    5 days ago    1         true
s0oj8wlrz1nt   regular        20.9kB    5 days ago    5 days ago    1         true
hzgq91hnpbvo   regular        1.44MB    5 days ago    5 days ago    1         false
oq5zrirkxb9k   regular        1.95MB    5 days ago    5 days ago    1         false
70pnr9toxi6j   regular        20.5kB    5 days ago    5 days ago    1         false
rdphc3up41o9   regular        132kB     5 days ago    5 days ago    1         false
y9bo4p9re0im   regular        4.13kB    5 days ago    5 days ago    1         false
odfn1uxy7o12   regular        41kB      5 days ago    5 days ago    1         false
jeycqhuy9jfg   regular        81.1MB    5 days ago    5 days ago    1         false
hpblqo2djje6   regular        14.8kB    5 days ago    5 days ago    1         false
rblk6d51qwy0   regular        25.2kB    5 days ago    5 days ago    1         false
k711b5bqz0yk   regular        1.71MB    5 days ago    5 days ago    1         false
sqth8oqpx9kz   regular        8.19kB    5 days ago    5 days ago    1         false
st7cnwb3jwzn   regular        21.1kB    5 days ago    5 days ago    1         false
5v2xyrxhvi1m   regular        17.6kB    5 days ago    5 days ago    1         true
yf4axag2pr3m   regular        81.1MB    5 days ago    5 days ago    1         true
6wdaimth4ngd   regular        148MB     5 days ago    5 days ago    2         false
z5490pp3uh5i   regular        14.8kB    5 days ago    5 days ago    2         true
u25az5794j8b   regular        4.13kB    5 days ago    5 days ago    1         true
tyg7w83shdtl   regular        21.1kB    5 days ago    5 days ago    1         true
lvf4ig33kltx   regular        132kB     5 days ago    5 days ago    1         true
nzzs0yeva5pl   regular        53.1MB    5 days ago    5 days ago    1         true
gl5mo46gu2gu   regular        1.27MB    5 days ago    5 days ago    1         true
w1znpbcw0gh5   regular        648MB     5 days ago    5 days ago    2         true
amdqrerrda10   regular        532kB     5 days ago    5 days ago    2         true
pooppm4ew9u5   regular        102MB     5 days ago    5 days ago    1         true
j4qp5nolkeok   regular        8.29kB    5 days ago    5 days ago    1         true
8jv9uvi4jvau   regular        668kB     5 days ago    5 days ago    1         true
rhzff8ctm0h7   regular        25.2kB    5 days ago    5 days ago    3         true
0sk6dnmvin4s   regular        1.44MB    5 days ago    5 days ago    3         true
asl63cdhxtoo   regular        3.28MB    5 days ago    5 days ago    3         true
xs3rx72ftvm8   regular        1.19MB    4 days ago    4 days ago    1         false
2560kxs1aajm   regular        132kB     4 days ago    4 days ago    1         true
pvtous7t0865   regular        4.13kB    4 days ago    4 days ago    1         true
pt556cswdvwf   regular        3.82MB    4 days ago    4 days ago    1         true
u0foplk67ut4   regular        81.1MB    4 days ago    4 days ago    1         true
fvr40noh82sw   regular        41kB      4 days ago    4 days ago    1         false
ko9hnh0c7brv   regular        2.38MB    4 days ago    4 days ago    1         true
3dmf90bg9hld   regular        1.71MB    4 days ago    4 days ago    1         false
ht1ze2rqar1i   regular        1.91MB    4 days ago    4 days ago    1         false
xjxcx0zc39wm   regular        21.1kB    4 days ago    4 days ago    1         true
iwa33xim6xpy   regular        12.3MB    4 days ago    4 days ago    1         true
vpvl3r8xwrvo   regular        102MB     4 days ago    4 days ago    1         true
6677944iyecc   regular        1.27MB    4 days ago    4 days ago    1         true
kbij5sl6uevq   regular        799MB     4 days ago    4 days ago    1         true
kl5o0qrffmjv   regular        53.1MB    4 days ago    4 days ago    1         false
k8wnsufqd2h7   regular        659kB     4 days ago    4 days ago    1         true
3jomvs5gbvms   regular        1.43MB    4 days ago    4 days ago    1         false
pvqzh95pd66r   regular        328kB     4 days ago    4 days ago    1         true
nyix8fpvd0jo   regular        25.2kB    4 days ago    4 days ago    2         true
876e3wamrpwd   regular        3.28MB    4 days ago    4 days ago    2         true
u3xu2txyl169   regular        8.28kB    4 days ago    4 days ago    2         true
nuux68p0zste   regular        648MB     4 days ago    4 days ago    2         true
bg565dpt15fk   regular        102MB     4 days ago    4 days ago    1         true
jucec7yrnrv2   regular        1.44MB    4 days ago    4 days ago    1         true
fkeoehby88gf   regular        668kB     4 days ago    4 days ago    1         true
lv9fl5yrpi97   regular        53.1MB    4 days ago    4 days ago    1         true
nrxs6w8uf7io   regular        3.28MB    4 hours ago   4 hours ago   1         true
yvfq0rc1q64c   regular        132kB     4 hours ago   4 hours ago   1         true
s5z6yzm35ptd   regular        4.13kB    4 hours ago   4 hours ago   1         true
wmerhb53t3sc   regular        25.2kB    4 hours ago   4 hours ago   1         true
p855eifg41n6   regular        21.1kB    4 hours ago   4 hours ago   1         true
s8bfpgtxecba   regular        81.1MB    4 hours ago   4 hours ago   1         true
n2ugk1bpiz17   regular        834MB     4 hours ago   4 hours ago   1         true
6gie8lql0h0f   regular        1.43MB    4 hours ago   4 hours ago   1         true
s8h00a1y5pgy   regular        1.27MB    4 hours ago   4 hours ago   1         true
zjp8ohj8fwv4   regular        8.29kB    4 hours ago   4 hours ago   1         true
6p2vwegqx1qs   regular        53.1MB    4 hours ago   4 hours ago   1         true
gnt5hbngcbv6   regular        668kB     4 hours ago   4 hours ago   1         true
pv8mo3loylyq   regular        336kB     4 hours ago   4 hours ago   1         true
upyxjjmszj90   regular        102MB     4 hours ago   4 hours ago   1         true
ztbua9pxdtzh   regular        25.2kB    4 hours ago   4 hours ago   1         true
y6j5d1rqi2tm   regular        132kB     4 hours ago   4 hours ago   1         true
805oehjw6r8r   regular        4.13kB    4 hours ago   4 hours ago   1         true
f5t6voj1n3lf   regular        81.1MB    4 hours ago   4 hours ago   1         true
nqkml2avcryt   regular        21.1kB    4 hours ago   4 hours ago   1         true
9z31lgb85bow   regular        649MB     4 hours ago   4 hours ago   2         true
jfrolr4q9xb6   regular        102MB     4 hours ago   4 hours ago   1         true
pp8mlnioljlh   regular        328kB     4 hours ago   4 hours ago   1         true
f2y01cjee65d   regular        668kB     4 hours ago   4 hours ago   1         true
hys89z88jjox   regular        834MB     4 hours ago   4 hours ago   1         true
y0uyq1zp9me6   regular        1.27MB    4 hours ago   3 hours ago   2         true
rebzbnrkqx37   regular        8.29kB    4 hours ago   3 hours ago   2         true
u3ss6gfwr6ks   regular        53.1MB    4 hours ago   3 hours ago   2         true
z1p8dc8mdw1y   regular        1.44MB    4 hours ago   3 hours ago   2         true
arobcyhmwnu6   regular        13.7MB    3 hours ago   3 hours ago   1         true
yq5klggny249   regular        3.76MB    3 hours ago   3 hours ago   1         true
bln27iv3hwtr   source.local   9.15MB    3 hours ago   3 hours ago   2         false
csvmzy0xp6x2   source.local   4.1kB     3 hours ago   3 hours ago   2         false
d23qtp2iwik2   regular        3.28MB    4 hours ago   3 hours ago   2         true
n4yrssefvqsz   regular        18.3MB    3 hours ago   3 hours ago   1         true
eakqorjllsuc   source.local   8.19kB    3 hours ago   3 hours ago   2         false
whpblh0k47ne   regular        79.4MB    3 hours ago   3 hours ago   1         true
zh20ihbm9rge   regular        132kB     2 hours ago   2 hours ago   1         true
m2aoy5pt30uf   regular        4.13kB    2 hours ago   2 hours ago   1         true
vu5p72rrrbuk   source.local   1.77MB    4 hours ago   2 hours ago   3         false
ieaw0bss4k8g   regular        25.2kB    2 hours ago   2 hours ago   1         true
buax9msm7c7h   regular        148MB     4 days ago    2 hours ago   4         false
zhjadylxmcl6   source.local   12.3kB    4 hours ago   2 hours ago   3         false
m5bp5qmf88n2   regular        81.1MB    2 hours ago   2 hours ago   1         true
rkflkgl5ak8q   regular        21.1kB    2 hours ago   2 hours ago   1         true
8ddsbbnrk0zw   regular        532kB     2 hours ago   2 hours ago   1         true
inxnr1yr9vts   source.local   12.3kB    4 hours ago   2 hours ago   3         false
rato7y3brps1   regular        13.7MB    2 hours ago   2 hours ago   1         true
wxjp3thfg5mz   regular        3.23MB    2 hours ago   2 hours ago   1         true
2hpiis0qs4ek   regular        659kB     2 hours ago   2 hours ago   1         true
kj5h2ghvkvcx   regular        103MB     2 hours ago   2 hours ago   1         true
v4163md6oiek   regular        328kB     2 hours ago   2 hours ago   1         true
bcdkkehaassj   regular        806MB     2 hours ago   2 hours ago   1         true
l1oh57ifq42q   regular        8.29kB    2 hours ago   2 hours ago   1         true
dbwr967p65h7   regular        649MB     2 hours ago   2 hours ago   1         true
yu6id8orpner   source.local   659kB     4 hours ago   2 hours ago   3         false
fbirz84ef0kn   regular        53.2MB    2 hours ago   2 hours ago   1         true
l61vqs95u4so   regular        1.43MB    2 hours ago   2 hours ago   1         true
15kw1t3t1qcm   regular        2.63MB    2 hours ago   2 hours ago   1         true
vtbyol5nhm55   regular        5.64MB    2 hours ago   2 hours ago   1         true
cq058atry65g   regular        58.4MB    3 weeks ago   2 hours ago   2         false
rd3dkbqpsxib   regular        532kB     2 hours ago   2 hours ago   1         true
sastmgsjqkbe   regular        3.23MB    2 hours ago   2 hours ago   1         true
zchjjojdkqkt   regular        81.3MB    2 hours ago   2 hours ago   1         true
iw920eexo4xf   regular        8.43MB    2 hours ago   2 hours ago   1         true
7n5lncuqfyn3   regular        17.6kB    2 hours ago   2 hours ago   1         true
qogmfnhrmwp5   regular        49.2kB    2 hours ago   2 hours ago   1         true
fri1eonqik41   regular        489kB     2 hours ago   2 hours ago   1         true
u18to1lbddcx   regular        17.6kB    2 hours ago   2 hours ago   1         false
domh4t9hmco0   regular        532kB     2 hours ago   2 hours ago   1         false
9bp3l1yxih67   regular        489kB     2 hours ago   2 hours ago   1         false
8t0yt7udqafu   regular        3.23MB    2 hours ago   2 hours ago   1         false
hc48qsuz9k0x   regular        49.2kB    2 hours ago   2 hours ago   1         false
znok1si2vai7   regular        8.43MB    2 hours ago   2 hours ago   1         false
qrq27o25oz9x   regular        58.4MB    2 hours ago   2 hours ago   1         false
id95y7fkskx5   regular        81.3MB    2 hours ago   2 hours ago   1         false
q0imc1032gx8   regular        2.63MB    2 hours ago   2 hours ago   1         false
cbj406cranrh   regular        5.64MB    2 hours ago   2 hours ago   1         false
kbvwyn1364xw   regular        28.7kB    2 hours ago   2 hours ago   1         false
cm8dh1e0liyj   regular        2.63MB    2 hours ago   2 hours ago   1         false
n3aklgugqvcn   regular        8.43MB    2 hours ago   2 hours ago   1         false
gufhkyvb193s   regular        1.61MB    2 hours ago   2 hours ago   3         false
764brlxrd9lj   regular        2.82MB    2 hours ago   2 hours ago   3         false
dwaju327n8ll   regular        28.7kB    2 hours ago   2 hours ago   1         false
g06r4rcd4pj2   source.local   12.3kB    4 hours ago   2 hours ago   5         false
nzp2armkd641   regular        266kB     2 hours ago   2 hours ago   3         false
eoq8tcx74hq3   regular        532kB     2 hours ago   2 hours ago   1         false
kfwq5rzlgcgl   regular        246kB     2 hours ago   2 hours ago   3         false
hfi6ugpy8q4a   regular        489kB     2 hours ago   2 hours ago   1         false
t2cqej0rbgov   regular        5.64MB    2 hours ago   2 hours ago   1         false
78vhn7nptxzx   regular        17.6kB    2 hours ago   2 hours ago   1         false
nao2pitctnrh   regular        24.6kB    4 weeks ago   2 hours ago   12        false
vpl6n5sv3gjt   regular        4.21MB    2 hours ago   2 hours ago   3         false
hm31szbesr55   regular        58.4MB    2 hours ago   2 hours ago   1         false
19a5glyyqjkm   source.local   8.19kB    4 hours ago   2 hours ago   5         false
xbxtroks8xwy   frontend       35.8MB    4 weeks ago   2 hours ago   35        false
tdeqxpjctbkz   regular        3.23MB    2 hours ago   2 hours ago   1         false
yeah99s87w5l   regular        49.2kB    2 hours ago   2 hours ago   1         false
nfgkzh1ucoco   regular        81.3MB    2 hours ago   2 hours ago   1         false
