ARCHITECTURE
amd64
PACKAGES
adduser|3.134|adduser|3.134
apt|2.6.1|apt|2.6.1
base-files|12.4+deb12u15|base-files|12.4+deb12u15
base-passwd|3.6.1|base-passwd|3.6.1
bash|5.2.15-2+b13|bash|5.2.15-2
bsdutils|1:2.38.1-5+deb12u3|util-linux|2.38.1-5+deb12u3
coreutils|9.1-1|coreutils|9.1-1
dash|0.5.12-2|dash|0.5.12-2
debconf|1.5.82|debconf|1.5.82
debian-archive-keyring|2023.3+deb12u2|debian-archive-keyring|2023.3+deb12u2
debianutils|5.7-0.5~deb12u1|debianutils|5.7-0.5~deb12u1
diffutils|1:3.8-4|diffutils|1:3.8-4
dpkg|1.21.23|dpkg|1.21.23
e2fsprogs|1.47.0-2+b2|e2fsprogs|1.47.0-2
findutils|4.9.0-4|findutils|4.9.0-4
gcc-12-base:amd64|12.2.0-14+deb12u1|gcc-12|12.2.0-14+deb12u1
gpgv|2.2.40-1.1+deb12u2|gnupg2|2.2.40-1.1+deb12u2
grep|3.8-5|grep|3.8-5
gzip|1.12-1|gzip|1.12-1
hostname|3.23+nmu1|hostname|3.23+nmu1
init-system-helpers|1.65.2+deb12u1|init-system-helpers|1.65.2+deb12u1
libacl1:amd64|2.3.1-3|acl|2.3.1-3
libapt-pkg6.0:amd64|2.6.1|apt|2.6.1
libattr1:amd64|1:2.5.1-4|attr|1:2.5.1-4
libaudit-common|1:3.0.9-1|audit|1:3.0.9-1
libaudit1:amd64|1:3.0.9-1|audit|1:3.0.9-1
libblkid1:amd64|2.38.1-5+deb12u3|util-linux|2.38.1-5+deb12u3
libbz2-1.0:amd64|1.0.8-5+b1|bzip2|1.0.8-5
libc-bin|2.36-9+deb12u14|glibc|2.36-9+deb12u14
libc6:amd64|2.36-9+deb12u14|glibc|2.36-9+deb12u14
libcap-ng0:amd64|0.8.3-1+b3|libcap-ng|0.8.3-1
libcap2:amd64|1:2.66-4+deb12u3+b1|libcap2|1:2.66-4+deb12u3
libcom-err2:amd64|1.47.0-2+b2|e2fsprogs|1.47.0-2
libcrypt1:amd64|1:4.4.33-2|libxcrypt|1:4.4.33-2
libdb5.3:amd64|5.3.28+dfsg2-1|db5.3|5.3.28+dfsg2-1
libdebconfclient0:amd64|0.270|cdebconf|0.270
libext2fs2:amd64|1.47.0-2+b2|e2fsprogs|1.47.0-2
libffi8:amd64|3.4.4-1|libffi|3.4.4-1
libgcc-s1:amd64|12.2.0-14+deb12u1|gcc-12|12.2.0-14+deb12u1
libgcrypt20:amd64|1.10.1-3+deb12u1|libgcrypt20|1.10.1-3+deb12u1
libgmp10:amd64|2:6.2.1+dfsg1-1.1|gmp|2:6.2.1+dfsg1-1.1
libgnutls30:amd64|3.7.9-2+deb12u7|gnutls28|3.7.9-2+deb12u7
libgpg-error0:amd64|1.46-1|libgpg-error|1.46-1
libhogweed6:amd64|3.8.1-2|nettle|3.8.1-2
libidn2-0:amd64|2.3.3-1+b1|libidn2|2.3.3-1
liblz4-1:amd64|1.9.4-1|lz4|1.9.4-1
liblzma5:amd64|5.4.1-1+deb12u1|xz-utils|5.4.1-1+deb12u1
libmd0:amd64|1.0.4-2|libmd|1.0.4-2
libmount1:amd64|2.38.1-5+deb12u3|util-linux|2.38.1-5+deb12u3
libnettle8:amd64|3.8.1-2|nettle|3.8.1-2
libp11-kit0:amd64|0.24.1-2|p11-kit|0.24.1-2
libpam-modules:amd64|1.5.2-6+deb12u2|pam|1.5.2-6+deb12u2
libpam-modules-bin|1.5.2-6+deb12u2|pam|1.5.2-6+deb12u2
libpam-runtime|1.5.2-6+deb12u2|pam|1.5.2-6+deb12u2
libpam0g:amd64|1.5.2-6+deb12u2|pam|1.5.2-6+deb12u2
libpcre2-8-0:amd64|10.42-1+deb12u1|pcre2|10.42-1+deb12u1
libseccomp2:amd64|2.5.4-1+deb12u1|libseccomp|2.5.4-1+deb12u1
libselinux1:amd64|3.4-1+b6|libselinux|3.4-1
libsemanage-common|3.4-1|libsemanage|3.4-1
libsemanage2:amd64|3.4-1+b5|libsemanage|3.4-1
libsepol2:amd64|3.4-2.1|libsepol|3.4-2.1
libsmartcols1:amd64|2.38.1-5+deb12u3|util-linux|2.38.1-5+deb12u3
libss2:amd64|1.47.0-2+b2|e2fsprogs|1.47.0-2
libstdc++6:amd64|12.2.0-14+deb12u1|gcc-12|12.2.0-14+deb12u1
libsystemd0:amd64|252.39-1~deb12u2|systemd|252.39-1~deb12u2
libtasn1-6:amd64|4.19.0-2+deb12u1|libtasn1-6|4.19.0-2+deb12u1
libtinfo6:amd64|6.4-4|ncurses|6.4-4
libudev1:amd64|252.39-1~deb12u2|systemd|252.39-1~deb12u2
libunistring2:amd64|1.0-2|libunistring|1.0-2
libuuid1:amd64|2.38.1-5+deb12u3|util-linux|2.38.1-5+deb12u3
libxxhash0:amd64|0.8.1-1|xxhash|0.8.1-1
libzstd1:amd64|1.5.4+dfsg2-5|libzstd|1.5.4+dfsg2-5
login|1:4.13+dfsg1-1+deb12u2|shadow|1:4.13+dfsg1-1+deb12u2
logsave|1.47.0-2+b2|e2fsprogs|1.47.0-2
mawk|1.3.4.20200120-3.1|mawk|1.3.4.20200120-3.1
mount|2.38.1-5+deb12u3|util-linux|2.38.1-5+deb12u3
ncurses-base|6.4-4|ncurses|6.4-4
ncurses-bin|6.4-4|ncurses|6.4-4
passwd|1:4.13+dfsg1-1+deb12u2|shadow|1:4.13+dfsg1-1+deb12u2
perl-base|5.36.0-7+deb12u3|perl|5.36.0-7+deb12u3
sed|4.9-1+deb12u1|sed|4.9-1+deb12u1
sysvinit-utils|3.06-4|sysvinit|3.06-4
tar|1.34+dfsg-1.2+deb12u1|tar|1.34+dfsg-1.2+deb12u1
tzdata|2026b-0+deb12u1|tzdata|2026b-0+deb12u1
usr-is-merged|37~deb12u1|usrmerge|37~deb12u1
util-linux|2.38.1-5+deb12u3|util-linux|2.38.1-5+deb12u3
util-linux-extra|2.38.1-5+deb12u3|util-linux|2.38.1-5+deb12u3
zlib1g:amd64|1:1.2.13.dfsg-1|zlib|1:1.2.13.dfsg-1
NODE_OR_POSTGRES_LINKS
v24.20.0
	linux-vdso.so.1 (0x000070600b004000)
	libdl.so.2 => /lib/x86_64-linux-gnu/libdl.so.2 (0x000070600aff5000)
	libstdc++.so.6 => /lib/x86_64-linux-gnu/libstdc++.so.6 (0x000070600addb000)
	libm.so.6 => /lib/x86_64-linux-gnu/libm.so.6 (0x000070600acfb000)
	libgcc_s.so.1 => /lib/x86_64-linux-gnu/libgcc_s.so.1 (0x000070600acdb000)
	libpthread.so.0 => /lib/x86_64-linux-gnu/libpthread.so.0 (0x000070600acd6000)
	libc.so.6 => /lib/x86_64-linux-gnu/libc.so.6 (0x000070600aaf2000)
	/lib64/ld-linux-x86-64.so.2 (0x000070600b006000)
PERL_BUILD
arch=x86_64-linux-gnu-thread-multi ptrsize=8 ivsize=8
PERL_MODULES
Archive::Tar=ABSENT
IO::Compress=ABSENT
Storable=ABSENT
RELEVANT_FILES
/usr/share/pam-configs/mkhomedir
/usr/sbin/mkhomedir_helper
/usr/lib/x86_64-linux-gnu/security/pam_mkhomedir.so
MINIZIP_SYMBOLS
nm absent; symbol absence not claimed
