
> imperator-decision-review-workspace@0.1.0 test:e2e
> playwright test --config=../build/tfg-a/r21-r22-2026-10-06/playwright.config.ts

[WebServer] (node:29720) Warning: The 'NO_COLOR' env is ignored due to the 'FORCE_COLOR' env being set.
[WebServer] (Use `node --trace-warnings ...` to show where the warning was created)
[WebServer] (node:2260) Warning: The 'NO_COLOR' env is ignored due to the 'FORCE_COLOR' env being set.
[WebServer] (Use `node --trace-warnings ...` to show where the warning was created)
[WebServer] (node:38256) Warning: The 'NO_COLOR' env is ignored due to the 'FORCE_COLOR' env being set.
[WebServer] (Use `node --trace-warnings ...` to show where the warning was created)
[WebServer] ⚠ Slow filesystem detected. The benchmark took 250ms. If \\?\D:\Imperator\frontend\.next\dev is a network drive, consider moving it to a local folder.
[WebServer] See more: https://nextjs.org/docs/app/guides/local-development
[WebServer] (node:38940) Warning: The 'NO_COLOR' env is ignored due to the 'FORCE_COLOR' env being set.
[WebServer] (Use `node --trace-warnings ...` to show where the warning was created)

Running 15 tests using 3 workers

(node:38736) Warning: The 'NO_COLOR' env is ignored due to the 'FORCE_COLOR' env being set.
(Use `node --trace-warnings ...` to show where the warning was created)
(node:40720) Warning: The 'NO_COLOR' env is ignored due to the 'FORCE_COLOR' env being set.
(Use `node --trace-warnings ...` to show where the warning was created)
(node:35056) Warning: The 'NO_COLOR' env is ignored due to the 'FORCE_COLOR' env being set.
(Use `node --trace-warnings ...` to show where the warning was created)
[WebServer] (node:10464) Warning: The 'NO_COLOR' env is ignored due to the 'FORCE_COLOR' env being set.
[WebServer] (Use `node --trace-warnings ...` to show where the warning was created)
[WebServer] [browser] eval() is not supported in this environment. If this page was served with a `Content-Security-Policy` header, make sure that `unsafe-eval` is included. React requires eval() in development mode for various debugging features like reconstructing callstacks from a different environment.
[WebServer] React will never use eval() in production mode 
[WebServer] [browser] eval() is not supported in this environment. If this page was served with a `Content-Security-Policy` header, make sure that `unsafe-eval` is included. React requires eval() in development mode for various debugging features like reconstructing callstacks from a different environment.
[WebServer] React will never use eval() in production mode 
[WebServer] [browser] eval() is not supported in this environment. If this page was served with a `Content-Security-Policy` header, make sure that `unsafe-eval` is included. React requires eval() in development mode for various debugging features like reconstructing callstacks from a different environment.
[WebServer] React will never use eval() in production mode 
  ok  1 [compact] › e2e\decision-review.spec.ts:23:1 › renders the complete Decision Review Workspace without viewport overflow (2.5s)
  ok  3 [mobile] › e2e\decision-review.spec.ts:23:1 › renders the complete Decision Review Workspace without viewport overflow (2.5s)
  ok  2 [desktop] › e2e\decision-review.spec.ts:23:1 › renders the complete Decision Review Workspace without viewport overflow (2.5s)
[WebServer] [browser] eval() is not supported in this environment. If this page was served with a `Content-Security-Policy` header, make sure that `unsafe-eval` is included. React requires eval() in development mode for various debugging features like reconstructing callstacks from a different environment.
[WebServer] React will never use eval() in production mode 
[WebServer] (node:39152) Warning: The 'NO_COLOR' env is ignored due to the 'FORCE_COLOR' env being set.
[WebServer] (Use `node --trace-warnings ...` to show where the warning was created)
[WebServer] [browser] eval() is not supported in this environment. If this page was served with a `Content-Security-Policy` header, make sure that `unsafe-eval` is included. React requires eval() in development mode for various debugging features like reconstructing callstacks from a different environment.
[WebServer] React will never use eval() in production mode 
[WebServer] [browser] eval() is not supported in this environment. If this page was served with a `Content-Security-Policy` header, make sure that `unsafe-eval` is included. React requires eval() in development mode for various debugging features like reconstructing callstacks from a different environment.
[WebServer] React will never use eval() in production mode 
  ok  4 [compact] › e2e\decision-review.spec.ts:67:1 › keeps AUDITOR read-only, redacts Evidence and separates unrealized value (1.6s)
  ok  5 [mobile] › e2e\decision-review.spec.ts:67:1 › keeps AUDITOR read-only, redacts Evidence and separates unrealized value (1.7s)
  ok  6 [desktop] › e2e\decision-review.spec.ts:67:1 › keeps AUDITOR read-only, redacts Evidence and separates unrealized value (1.7s)
  -   7 [compact] › e2e\decision-review.spec.ts:91:1 › presents PLATFORM_ENGINEER and FINANCE actions exactly
  -   8 [mobile] › e2e\decision-review.spec.ts:91:1 › presents PLATFORM_ENGINEER and FINANCE actions exactly
  -  10 [compact] › e2e\decision-review.spec.ts:124:1 › contains secondary 403, 404, malformed, empty and timeout failures
  -  11 [mobile] › e2e\decision-review.spec.ts:124:1 › contains secondary 403, 404, malformed, empty and timeout failures
  -  12 [compact] › e2e\decision-review.spec.ts:153:1 › clears the volatile session on a 401 Decision response
[WebServer] [browser] eval() is not supported in this environment. If this page was served with a `Content-Security-Policy` header, make sure that `unsafe-eval` is included. React requires eval() in development mode for various debugging features like reconstructing callstacks from a different environment.
[WebServer] React will never use eval() in production mode 
  -  13 [mobile] › e2e\decision-review.spec.ts:153:1 › clears the volatile session on a 401 Decision response
[WebServer] (node:36448) Warning: The 'NO_COLOR' env is ignored due to the 'FORCE_COLOR' env being set.
[WebServer] (Use `node --trace-warnings ...` to show where the warning was created)
  ok  9 [desktop] › e2e\decision-review.spec.ts:91:1 › presents PLATFORM_ENGINEER and FINANCE actions exactly (2.0s)
[WebServer] [browser] eval() is not supported in this environment. If this page was served with a `Content-Security-Policy` header, make sure that `unsafe-eval` is included. React requires eval() in development mode for various debugging features like reconstructing callstacks from a different environment.
[WebServer] React will never use eval() in production mode 
[WebServer] (node:22128) Warning: The 'NO_COLOR' env is ignored due to the 'FORCE_COLOR' env being set.
[WebServer] (Use `node --trace-warnings ...` to show where the warning was created)
  ok 14 [desktop] › e2e\decision-review.spec.ts:124:1 › contains secondary 403, 404, malformed, empty and timeout failures (10.9s)
[WebServer] [browser] eval() is not supported in this environment. If this page was served with a `Content-Security-Policy` header, make sure that `unsafe-eval` is included. React requires eval() in development mode for various debugging features like reconstructing callstacks from a different environment.
[WebServer] React will never use eval() in production mode 
[WebServer] (node:41976) Warning: The 'NO_COLOR' env is ignored due to the 'FORCE_COLOR' env being set.
[WebServer] (Use `node --trace-warnings ...` to show where the warning was created)
  ok 15 [desktop] › e2e\decision-review.spec.ts:153:1 › clears the volatile session on a 401 Decision response (639ms)

  6 skipped
  9 passed (32.5s)
