[INFO] Scanning for projects...
[INFO] 
[INFO] ------------------< com.imperator:imperator-backend >-------------------
[INFO] Building IMPERATOR Backend 0.1.0
[INFO]   from pom.xml
[INFO] --------------------------------[ jar ]---------------------------------
[INFO] 
[INFO] --- clean:3.5.0:clean (default-clean) @ imperator-backend ---
[INFO] Deleting D:\Imperator\target
[INFO] 
[INFO] --- toolchains:3.3.0:select-jdk-toolchain (select-java-21) @ imperator-backend ---
[INFO] Not using an external toolchain as the current JDK 'JDK[C:\Program Files\Java\jdk-21.0.12]' matches the requirements.
[INFO] 
[INFO] --- enforcer:3.6.3:enforce (enforce-build-runtime) @ imperator-backend ---
[INFO] Rule 0: org.apache.maven.enforcer.rules.version.RequireMavenVersion passed
[INFO] Rule 1: org.apache.maven.enforcer.rules.version.RequireJavaVersion passed
[INFO] 
[INFO] --- resources:3.5.0:resources (default-resources) @ imperator-backend ---
[INFO] skip non existing resourceDirectory D:\Imperator\src\main\resources
[INFO] 
[INFO] --- compiler:3.15.0:compile (default-compile) @ imperator-backend ---
[INFO] Recompiling the module because of changed source code.
[INFO] Compiling 235 source files with javac [debug release 21] to target\classes
[INFO] 
[INFO] --- resources:3.5.0:testResources (default-testResources) @ imperator-backend ---
[INFO] Copying 2 resources from src\test\resources to target\test-classes
[INFO] 
[INFO] --- compiler:3.15.0:testCompile (default-testCompile) @ imperator-backend ---
[INFO] Recompiling the module because of changed dependency.
[INFO] Compiling 47 source files with javac [debug release 21] to target\test-classes
[INFO] 
[INFO] --- surefire:3.6.0:test (default-test) @ imperator-backend ---
[INFO] Using auto detected provider org.apache.maven.surefire.junitplatform.JUnitPlatformProvider
[INFO] 
[INFO] -------------------------------------------------------
[INFO]  T E S T S
[INFO] -------------------------------------------------------
[INFO] Running imperator.adapters.out.aws.AwsSdkEvidenceSourceAdapterTest
[INFO] Tests run: 10, Failures: 0, Errors: 0, Skipped: 0, Time elapsed: 3.542 s -- in imperator.adapters.out.aws.AwsSdkEvidenceSourceAdapterTest
[INFO] Running imperator.adapters.out.bedrock.BedrockExplanationProviderTest
[INFO] Tests run: 5, Failures: 0, Errors: 0, Skipped: 0, Time elapsed: 0.222 s -- in imperator.adapters.out.bedrock.BedrockExplanationProviderTest
[INFO] Running imperator.adapters.out.github.GitHubRestAdapterTest
[INFO] Tests run: 11, Failures: 0, Errors: 0, Skipped: 0, Time elapsed: 0.368 s -- in imperator.adapters.out.github.GitHubRestAdapterTest
[INFO] Running imperator.api.businessvalue.BusinessValueRouteContractTest
[INFO] Tests run: 6, Failures: 0, Errors: 0, Skipped: 0, Time elapsed: 3.724 s -- in imperator.api.businessvalue.BusinessValueRouteContractTest
[INFO] Running imperator.api.decisions.DecisionCompositionRouteContractTest
[INFO] Tests run: 6, Failures: 0, Errors: 0, Skipped: 0, Time elapsed: 1.149 s -- in imperator.api.decisions.DecisionCompositionRouteContractTest
[INFO] Running imperator.api.decisions.DecisionContextRouteContractTest
[INFO] Tests run: 7, Failures: 0, Errors: 0, Skipped: 0, Time elapsed: 1.178 s -- in imperator.api.decisions.DecisionContextRouteContractTest
[INFO] Running imperator.api.decisions.DecisionRouteContractTest
[INFO] Tests run: 7, Failures: 0, Errors: 0, Skipped: 0, Time elapsed: 0.785 s -- in imperator.api.decisions.DecisionRouteContractTest
[INFO] Running imperator.api.decisions.RbacEvidenceVisibilityContractTest
[INFO] Tests run: 2, Failures: 0, Errors: 0, Skipped: 0, Time elapsed: 0.729 s -- in imperator.api.decisions.RbacEvidenceVisibilityContractTest
[INFO] Running imperator.api.errors.ApiErrorContractTest
[INFO] Tests run: 8, Failures: 0, Errors: 0, Skipped: 0, Time elapsed: 0.769 s -- in imperator.api.errors.ApiErrorContractTest
[INFO] Running imperator.api.evidence.EndToEndBusinessValueDemoTest
[INFO] Tests run: 1, Failures: 0, Errors: 0, Skipped: 0, Time elapsed: 0.061 s -- in imperator.api.evidence.EndToEndBusinessValueDemoTest
[INFO] Running imperator.api.evidence.EvidenceImportRouteContractTest
[INFO] Tests run: 10, Failures: 0, Errors: 0, Skipped: 0, Time elapsed: 0.547 s -- in imperator.api.evidence.EvidenceImportRouteContractTest
[INFO] Running imperator.api.FunctionalRestApiContractTest
[INFO] Tests run: 5, Failures: 0, Errors: 0, Skipped: 0, Time elapsed: 0.714 s -- in imperator.api.FunctionalRestApiContractTest
[INFO] Running imperator.api.ledger.LedgerCommandRouteContractTest
[INFO] Tests run: 8, Failures: 0, Errors: 0, Skipped: 0, Time elapsed: 0.655 s -- in imperator.api.ledger.LedgerCommandRouteContractTest
[INFO] Running imperator.api.ledger.LedgerReadRouteContractTest
[INFO] Tests run: 6, Failures: 0, Errors: 0, Skipped: 0, Time elapsed: 0.542 s -- in imperator.api.ledger.LedgerReadRouteContractTest
[INFO] Running imperator.api.observability.CorrelationMdcContractTest
[INFO] Tests run: 2, Failures: 0, Errors: 0, Skipped: 0, Time elapsed: 0.006 s -- in imperator.api.observability.CorrelationMdcContractTest
[INFO] Running imperator.api.observability.ImperatorRouteCatalogContractTest
[INFO] Tests run: 2, Failures: 0, Errors: 0, Skipped: 0, Time elapsed: 0.004 s -- in imperator.api.observability.ImperatorRouteCatalogContractTest
[INFO] Running imperator.api.observability.ImperatorTelemetryContractTest
[INFO] Tests run: 4, Failures: 0, Errors: 0, Skipped: 0, Time elapsed: 0.019 s -- in imperator.api.observability.ImperatorTelemetryContractTest
[INFO] Running imperator.api.observability.ObservabilityEndpointContractTest
[INFO] Tests run: 3, Failures: 0, Errors: 0, Skipped: 0, Time elapsed: 1.606 s -- in imperator.api.observability.ObservabilityEndpointContractTest
[INFO] Running imperator.api.recommendations.RecommendationRestMapperTest
[INFO] Tests run: 1, Failures: 0, Errors: 0, Skipped: 0, Time elapsed: 0.002 s -- in imperator.api.recommendations.RecommendationRestMapperTest
[INFO] Running imperator.api.recommendations.RecommendationRouteContractTest
[INFO] Tests run: 6, Failures: 0, Errors: 0, Skipped: 0, Time elapsed: 0.583 s -- in imperator.api.recommendations.RecommendationRouteContractTest
[INFO] Running imperator.api.security.JwtAuthenticationContractTest
[INFO] Tests run: 7, Failures: 0, Errors: 0, Skipped: 0, Time elapsed: 0.560 s -- in imperator.api.security.JwtAuthenticationContractTest
[INFO] Running imperator.api.security.RbacAuthorizationContractTest
[INFO] Tests run: 4, Failures: 0, Errors: 0, Skipped: 0, Time elapsed: 0.786 s -- in imperator.api.security.RbacAuthorizationContractTest
[INFO] Running imperator.application.composecase.ComposeDrcAoa001UseCaseTest
[INFO] Tests run: 6, Failures: 0, Errors: 0, Skipped: 0, Time elapsed: 0.024 s -- in imperator.application.composecase.ComposeDrcAoa001UseCaseTest
[INFO] Running imperator.application.createdecision.CreateDecisionUseCaseTest
[INFO] Tests run: 6, Failures: 0, Errors: 0, Skipped: 0, Time elapsed: 0.010 s -- in imperator.application.createdecision.CreateDecisionUseCaseTest
[INFO] Running imperator.application.generaterecommendation.GenerateRecommendationExplanationTest
[INFO] Tests run: 6, Failures: 0, Errors: 0, Skipped: 0, Time elapsed: 0.018 s -- in imperator.application.generaterecommendation.GenerateRecommendationExplanationTest
[INFO] Running imperator.application.importevidence.ImportEvidenceUseCaseTest
[INFO] Tests run: 2, Failures: 0, Errors: 0, Skipped: 0, Time elapsed: 0.002 s -- in imperator.application.importevidence.ImportEvidenceUseCaseTest
[INFO] Running imperator.application.ledger.LedgerChainTest
[INFO] Tests run: 5, Failures: 0, Errors: 0, Skipped: 0, Time elapsed: 0.003 s -- in imperator.application.ledger.LedgerChainTest
[INFO] Running imperator.application.query.MvpQueryUseCasesTest
[INFO] Tests run: 5, Failures: 0, Errors: 0, Skipped: 0, Time elapsed: 0.009 s -- in imperator.application.query.MvpQueryUseCasesTest
[INFO] Running imperator.application.reviewdecision.ReviewLedgerGovernanceTest
[INFO] Tests run: 6, Failures: 0, Errors: 0, Skipped: 0, Time elapsed: 0.005 s -- in imperator.application.reviewdecision.ReviewLedgerGovernanceTest
[INFO] Running imperator.application.synchronizeevidence.SynchronizeEvidenceUseCaseTest
[INFO] Tests run: 5, Failures: 0, Errors: 0, Skipped: 0, Time elapsed: 0.005 s -- in imperator.application.synchronizeevidence.SynchronizeEvidenceUseCaseTest
[INFO] Running imperator.bootstrap.AwsRuntimePropertiesTest
[INFO] Tests run: 1, Failures: 0, Errors: 0, Skipped: 0, Time elapsed: 0.002 s -- in imperator.bootstrap.AwsRuntimePropertiesTest
[INFO] Running imperator.bootstrap.GitHubRuntimePropertiesTest
[INFO] Tests run: 1, Failures: 0, Errors: 0, Skipped: 0, Time elapsed: 0 s -- in imperator.bootstrap.GitHubRuntimePropertiesTest
[INFO] Running imperator.bootstrap.ImperatorApplicationTest
[INFO] Tests run: 1, Failures: 0, Errors: 0, Skipped: 0, Time elapsed: 0.387 s -- in imperator.bootstrap.ImperatorApplicationTest
[INFO] Running imperator.bootstrap.PostgresRuntimeConfigurationTest
[INFO] Tests run: 2, Failures: 0, Errors: 0, Skipped: 0, Time elapsed: 0.411 s -- in imperator.bootstrap.PostgresRuntimeConfigurationTest
[INFO] Running imperator.domain.decision.DrcAoa001RecommendationPolicyTest
[INFO] Tests run: 3, Failures: 0, Errors: 0, Skipped: 0, Time elapsed: 0.004 s -- in imperator.domain.decision.DrcAoa001RecommendationPolicyTest
[INFO] Running imperator.domain.decision.DrcAoa001ResultValidationPolicyTest
[INFO] Tests run: 4, Failures: 0, Errors: 0, Skipped: 0, Time elapsed: 0.002 s -- in imperator.domain.decision.DrcAoa001ResultValidationPolicyTest
[INFO] 
[INFO] Results:
[INFO] 
[INFO] Tests run: 174, Failures: 0, Errors: 0, Skipped: 0
[INFO] 
[INFO] 
[INFO] --- jar:3.5.1:jar (default-jar) @ imperator-backend ---
[INFO] Building jar: D:\Imperator\target\imperator-backend-0.1.0.jar
[INFO] 
[INFO] --- spring-boot:4.1.1:repackage (repackage-executable-jar) @ imperator-backend ---
[INFO] Replacing main artifact D:\Imperator\target\imperator-backend-0.1.0.jar with repackaged archive, adding nested dependencies in BOOT-INF/.
[INFO] The original artifact has been renamed to D:\Imperator\target\imperator-backend-0.1.0.jar.original
[INFO] 
[INFO] --- flyway:13.0.0:migrate (migrate-postgresql-integration-database) @ imperator-backend ---
[INFO] Database: ******** (PostgreSQL 18.6)
[INFO] Schema history table "public"."flyway_schema_history" does not exist yet
[INFO] Successfully validated 3 migrations (execution time 00:00.013s)
[INFO] Creating Schema History table "public"."flyway_schema_history" ...
[INFO] Current version of schema "public": << Empty Schema >>
[INFO] Migrating schema "public" to version "1 - initial schema"
[INFO] Migrating schema "public" to version "2 - unique decision case id"
[INFO] Migrating schema "public" to version "3 - recommendation explanation attempts"
[INFO] Successfully applied 3 migrations to schema "public", now at version v3 (execution time 00:00.076s)
[INFO] Database: ******** (PostgreSQL 18.6)
[INFO] 
[INFO] --- flyway:13.0.0:validate (validate-postgresql-integration-database) @ imperator-backend ---
[INFO] Database: ******** (PostgreSQL 18.6)
[INFO] Successfully validated 3 migrations (execution time 00:00.004s)
[INFO] 
[INFO] --- flyway:13.0.0:migrate (verify-postgresql-integration-idempotency) @ imperator-backend ---
[INFO] Database: ******** (PostgreSQL 18.6)
[INFO] Successfully validated 3 migrations (execution time 00:00.005s)
[INFO] Current version of schema "public": 3
[INFO] Schema "public" is up to date. No migration necessary.
[INFO] Database: ******** (PostgreSQL 18.6)
[INFO] 
[INFO] --- failsafe:3.5.5:integration-test (default) @ imperator-backend ---
[INFO] Using auto detected provider org.apache.maven.surefire.junitplatform.JUnitPlatformProvider
[INFO] 
[INFO] -------------------------------------------------------
[INFO]  T E S T S
[INFO] -------------------------------------------------------
[INFO] Running imperator.adapters.out.aws.AwsEvidenceSyncIT
[INFO] Tests run: 1, Failures: 0, Errors: 0, Skipped: 0, Time elapsed: 2.426 s -- in imperator.adapters.out.aws.AwsEvidenceSyncIT
[INFO] Running imperator.adapters.out.github.GitHubEvidenceSyncIT
[INFO] Tests run: 1, Failures: 0, Errors: 0, Skipped: 0, Time elapsed: 0.999 s -- in imperator.adapters.out.github.GitHubEvidenceSyncIT
[INFO] Running imperator.adapters.out.postgresql.PostgresRepositoryIT
[INFO] Tests run: 30, Failures: 0, Errors: 0, Skipped: 0, Time elapsed: 35.03 s -- in imperator.adapters.out.postgresql.PostgresRepositoryIT
[INFO] Running imperator.api.evidence.EvidenceImportHttpIT
[INFO] Tests run: 1, Failures: 0, Errors: 0, Skipped: 0, Time elapsed: 2.876 s -- in imperator.api.evidence.EvidenceImportHttpIT
[INFO] Running imperator.api.FunctionalRestPostgresIT
[INFO] Tests run: 2, Failures: 0, Errors: 0, Skipped: 0, Time elapsed: 17.71 s -- in imperator.api.FunctionalRestPostgresIT
[INFO] 
[INFO] Results:
[INFO] 
[INFO] Tests run: 35, Failures: 0, Errors: 0, Skipped: 0
[INFO] 
[INFO] 
[INFO] --- failsafe:3.5.5:verify (default) @ imperator-backend ---
[INFO] ------------------------------------------------------------------------
[INFO] BUILD SUCCESS
[INFO] ------------------------------------------------------------------------
[INFO] Total time:  01:53 min
[INFO] Finished at: 2026-10-06T19:32:19+02:00
[INFO] ------------------------------------------------------------------------
